V3 12
FL /home/juan/Documents/SD_trabalho2/Trabalho2_SD/Calculadora/Soma4Alg.vhd 2018/11/27.16:31:44 P.20131013
EN work/Soma4Alg 1543336309 \
      FL /home/juan/Documents/SD_trabalho2/Trabalho2_SD/Calculadora/Soma4Alg.vhd \
      PB ieee/std_logic_1164 1381692176 PB ieee/STD_LOGIC_UNSIGNED 1381692179
AR work/Soma4Alg/Soma4AlgArch 1543336310 \
      FL /home/juan/Documents/SD_trabalho2/Trabalho2_SD/Calculadora/Soma4Alg.vhd \
      EN work/Soma4Alg 1543336309
FL /home/juan/Documents/SD_trabalho2/Trabalho2_SD/Calculadora/Somador.vhd 2018/11/23.14:58:57 P.20131013
EN work/Somador 1542985144 \
      FL /home/juan/Documents/SD_trabalho2/Trabalho2_SD/Calculadora/Somador.vhd \
      PB ieee/std_logic_1164 1381692176
AR work/Somador/SomadorArch 1542985145 \
      FL /home/juan/Documents/SD_trabalho2/Trabalho2_SD/Calculadora/Somador.vhd \
      EN work/Somador 1542985144
FL /home/juan/Documents/SD_trabalho2/Trabalho2_SD/Calculadora/Somador1Alg.vhd 2018/11/23.16:37:59 P.20131013
EN work/Somador1Alg 1542991646 \
      FL /home/juan/Documents/SD_trabalho2/Trabalho2_SD/Calculadora/Somador1Alg.vhd \
      PB ieee/std_logic_1164 1381692176
AR work/Somador1Alg/Somador1AlgArch 1542991647 \
      FL /home/juan/Documents/SD_trabalho2/Trabalho2_SD/Calculadora/Somador1Alg.vhd \
      EN work/Somador1Alg 1542991646
FL /home/juan/Documents/SD_trabalho2/Trabalho2_SD/Calculadora/Types.vhd 2018/11/23.16:09:05 P.20131013
PH work/Types 1542992136 \
      FL /home/juan/Documents/SD_trabalho2/Trabalho2_SD/Calculadora/Types.vhd \
      PB ieee/std_logic_1164 1381692176
PB work/Types 1542992137 \
      FL /home/juan/Documents/SD_trabalho2/Trabalho2_SD/Calculadora/Types.vhd \
      PH work/Types 1542992136
