V3 23
FL /home/juan/Documents/SD_trabalho2/Trabalho2_SD/Calculadora/Multiplicador.vhd 2018/11/29.21:20:25 P.20131013
EN work/Multiplicador 1543597138 \
      FL /home/juan/Documents/SD_trabalho2/Trabalho2_SD/Calculadora/Multiplicador.vhd \
      PB ieee/std_logic_1164 1381692176 PB ieee/NUMERIC_STD 1381692181
AR work/Multiplicador/MultiplicadorArch 1543597139 \
      FL /home/juan/Documents/SD_trabalho2/Trabalho2_SD/Calculadora/Multiplicador.vhd \
      EN work/Multiplicador 1543597138
FL /home/juan/Documents/SD_trabalho2/Trabalho2_SD/Calculadora/MultiplicadorCompleto.vhd 2018/11/30.16:58:54 P.20131013
EN work/MultiplicadorCompleto 1543597142 \
      FL /home/juan/Documents/SD_trabalho2/Trabalho2_SD/Calculadora/MultiplicadorCompleto.vhd \
      PB ieee/std_logic_1164 1381692176 PB ieee/NUMERIC_STD 1381692181
AR work/MultiplicadorCompleto/MultiplicadorCompletoArch 1543597143 \
      FL /home/juan/Documents/SD_trabalho2/Trabalho2_SD/Calculadora/MultiplicadorCompleto.vhd \
      EN work/MultiplicadorCompleto 1543597142 CP Multiplicador CP Soma4Alg
FL /home/juan/Documents/SD_trabalho2/Trabalho2_SD/Calculadora/Soma4Alg.vhd 2018/11/29.18:44:02 P.20131013
EN work/Soma4Alg 1543597140 \
      FL /home/juan/Documents/SD_trabalho2/Trabalho2_SD/Calculadora/Soma4Alg.vhd \
      PB ieee/std_logic_1164 1381692176 PB ieee/NUMERIC_STD 1381692181
AR work/Soma4Alg/Soma4AlgArch 1543597141 \
      FL /home/juan/Documents/SD_trabalho2/Trabalho2_SD/Calculadora/Soma4Alg.vhd \
      EN work/Soma4Alg 1543597140
FL /home/juan/Documents/SD_trabalho2/Trabalho2_SD/Calculadora/SomaCompleta.vhd 2018/11/29.18:43:23 P.20131013
EN work/SomaCompleta 1543517048 \
      FL /home/juan/Documents/SD_trabalho2/Trabalho2_SD/Calculadora/SomaCompleta.vhd \
      PB ieee/std_logic_1164 1381692176
AR work/SomaCompleta/SomaCompletaArch 1543517049 \
      FL /home/juan/Documents/SD_trabalho2/Trabalho2_SD/Calculadora/SomaCompleta.vhd \
      EN work/SomaCompleta 1543517048 CP Soma4Alg
FL /home/juan/Documents/SD_trabalho2/Trabalho2_SD/Calculadora/Somador.vhd 2018/11/23.14:58:57 P.20131013
EN work/Somador 1542985144 \
      FL /home/juan/Documents/SD_trabalho2/Trabalho2_SD/Calculadora/Somador.vhd \
      PB ieee/std_logic_1164 1381692176
AR work/Somador/SomadorArch 1542985145 \
      FL /home/juan/Documents/SD_trabalho2/Trabalho2_SD/Calculadora/Somador.vhd \
      EN work/Somador 1542985144
FL /home/juan/Documents/SD_trabalho2/Trabalho2_SD/Calculadora/Somador1Alg.vhd 2018/11/23.16:37:59 P.20131013
EN work/Somador1Alg 1542991646 \
      FL /home/juan/Documents/SD_trabalho2/Trabalho2_SD/Calculadora/Somador1Alg.vhd \
      PB ieee/std_logic_1164 1381692176
AR work/Somador1Alg/Somador1AlgArch 1542991647 \
      FL /home/juan/Documents/SD_trabalho2/Trabalho2_SD/Calculadora/Somador1Alg.vhd \
      EN work/Somador1Alg 1542991646
FL /home/juan/Documents/SD_trabalho2/Trabalho2_SD/Calculadora/Types.vhd 2018/11/23.16:09:05 P.20131013
PH work/Types 1542992136 \
      FL /home/juan/Documents/SD_trabalho2/Trabalho2_SD/Calculadora/Types.vhd \
      PB ieee/std_logic_1164 1381692176
PB work/Types 1542992137 \
      FL /home/juan/Documents/SD_trabalho2/Trabalho2_SD/Calculadora/Types.vhd \
      PH work/Types 1542992136
