--------------------------------------------------------------------------------
Release 14.7 Trace  (lin64)
Copyright (c) 1995-2013 Xilinx, Inc.  All rights reserved.

/opt/Xilinx/14.7/ISE_DS/ISE/bin/lin64/unwrapped/trce -intstyle ise -v 3 -s 4 -n
3 -fastpaths -xml Calculadora.twx Calculadora.ncd -o Calculadora.twr
Calculadora.pcf -ucf constraints.ucf

Design file:              Calculadora.ncd
Physical constraint file: Calculadora.pcf
Device,package,speed:     xc3s700an,fgg484,-4 (PRODUCTION 1.42 2013-10-13)
Report level:             verbose report

Environment Variable      Effect 
--------------------      ------ 
NONE                      No environment variables were set
--------------------------------------------------------------------------------

INFO:Timing:3412 - To improve timing, see the Timing Closure User Guide (UG612).
INFO:Timing:2752 - To get complete path coverage, use the unconstrained paths 
   option. All paths that are not constrained will be reported in the 
   unconstrained paths section(s) of the report.
INFO:Timing:3339 - The clock-to-out numbers in this timing report are based on 
   a 50 Ohm transmission line loading model.  For the details of this model, 
   and for more information on accounting for different loading conditions, 
   please see the device datasheet.
INFO:Timing:3390 - This architecture does not support a default System Jitter 
   value, please add SYSTEM_JITTER constraint to the UCF to modify the Clock 
   Uncertainty calculation.
INFO:Timing:3389 - This architecture does not support 'Discrete Jitter' and 
   'Phase Error' calculations, these terms will be zero in the Clock 
   Uncertainty calculation.  Please make appropriate modification to 
   SYSTEM_JITTER to account for the unsupported Discrete Jitter and Phase 
   Error.

================================================================================
Timing constraint: NET "clock_BUFGP/IBUFG" PERIOD = 20 ns HIGH 50%;
For more information, see Period Analysis in the Timing Closure User Guide (UG612).

 659 paths analyzed, 189 endpoints analyzed, 0 failing endpoints
 0 timing errors detected. (0 setup errors, 0 hold errors, 0 component switching limit errors)
 Minimum period is   6.604ns.
--------------------------------------------------------------------------------

Paths for end point teclado/ps2_rx_unit/b_reg_3 (SLICE_X44Y25.G4), 11 paths
--------------------------------------------------------------------------------
Slack (setup path):     13.396ns (requirement - (data path - clock path skew + uncertainty))
  Source:               teclado/ps2_rx_unit/filter_reg_3 (FF)
  Destination:          teclado/ps2_rx_unit/b_reg_3 (FF)
  Requirement:          20.000ns
  Data Path Delay:      6.470ns (Levels of Logic = 4)
  Clock Path Skew:      -0.134ns (0.438 - 0.572)
  Source Clock:         clock_BUFGP rising at 0.000ns
  Destination Clock:    clock_BUFGP rising at 20.000ns
  Clock Uncertainty:    0.000ns

  Maximum Data Path: teclado/ps2_rx_unit/filter_reg_3 to teclado/ps2_rx_unit/b_reg_3
    Location             Delay type         Delay(ns)  Physical Resource
                                                       Logical Resource(s)
    -------------------------------------------------  -------------------
    SLICE_X40Y22.XQ      Tcko                  0.631   teclado/ps2_rx_unit/filter_reg<3>
                                                       teclado/ps2_rx_unit/filter_reg_3
    SLICE_X41Y23.G1      net (fanout=4)        1.017   teclado/ps2_rx_unit/filter_reg<3>
    SLICE_X41Y23.Y       Tilo                  0.648   teclado/ps2_rx_unit/fall_edge16
                                                       teclado/ps2_rx_unit/fall_edge11
    SLICE_X41Y23.F4      net (fanout=1)        0.044   teclado/ps2_rx_unit/fall_edge11/O
    SLICE_X41Y23.X       Tilo                  0.643   teclado/ps2_rx_unit/fall_edge16
                                                       teclado/ps2_rx_unit/fall_edge16
    SLICE_X42Y24.G1      net (fanout=5)        0.833   teclado/ps2_rx_unit/fall_edge16
    SLICE_X42Y24.Y       Tilo                  0.707   teclado/ps2_rx_unit/b_reg<9>
                                                       teclado/ps2_rx_unit/b_reg_mux0000<10>21
    SLICE_X44Y25.G4      net (fanout=10)       1.130   teclado/ps2_rx_unit/N6
    SLICE_X44Y25.CLK     Tgck                  0.817   teclado/ps2_rx_unit/b_reg<4>
                                                       teclado/ps2_rx_unit/b_reg_mux0000<3>1
                                                       teclado/ps2_rx_unit/b_reg_3
    -------------------------------------------------  ---------------------------
    Total                                      6.470ns (3.446ns logic, 3.024ns route)
                                                       (53.3% logic, 46.7% route)

--------------------------------------------------------------------------------
Slack (setup path):     13.779ns (requirement - (data path - clock path skew + uncertainty))
  Source:               teclado/ps2_rx_unit/filter_reg_2 (FF)
  Destination:          teclado/ps2_rx_unit/b_reg_3 (FF)
  Requirement:          20.000ns
  Data Path Delay:      6.087ns (Levels of Logic = 3)
  Clock Path Skew:      -0.134ns (0.438 - 0.572)
  Source Clock:         clock_BUFGP rising at 0.000ns
  Destination Clock:    clock_BUFGP rising at 20.000ns
  Clock Uncertainty:    0.000ns

  Maximum Data Path: teclado/ps2_rx_unit/filter_reg_2 to teclado/ps2_rx_unit/b_reg_3
    Location             Delay type         Delay(ns)  Physical Resource
                                                       Logical Resource(s)
    -------------------------------------------------  -------------------
    SLICE_X40Y22.YQ      Tcko                  0.676   teclado/ps2_rx_unit/filter_reg<3>
                                                       teclado/ps2_rx_unit/filter_reg_2
    SLICE_X41Y23.F3      net (fanout=4)        1.281   teclado/ps2_rx_unit/filter_reg<2>
    SLICE_X41Y23.X       Tilo                  0.643   teclado/ps2_rx_unit/fall_edge16
                                                       teclado/ps2_rx_unit/fall_edge16
    SLICE_X42Y24.G1      net (fanout=5)        0.833   teclado/ps2_rx_unit/fall_edge16
    SLICE_X42Y24.Y       Tilo                  0.707   teclado/ps2_rx_unit/b_reg<9>
                                                       teclado/ps2_rx_unit/b_reg_mux0000<10>21
    SLICE_X44Y25.G4      net (fanout=10)       1.130   teclado/ps2_rx_unit/N6
    SLICE_X44Y25.CLK     Tgck                  0.817   teclado/ps2_rx_unit/b_reg<4>
                                                       teclado/ps2_rx_unit/b_reg_mux0000<3>1
                                                       teclado/ps2_rx_unit/b_reg_3
    -------------------------------------------------  ---------------------------
    Total                                      6.087ns (2.843ns logic, 3.244ns route)
                                                       (46.7% logic, 53.3% route)

--------------------------------------------------------------------------------
Slack (setup path):     13.906ns (requirement - (data path - clock path skew + uncertainty))
  Source:               teclado/ps2_rx_unit/filter_reg_4 (FF)
  Destination:          teclado/ps2_rx_unit/b_reg_3 (FF)
  Requirement:          20.000ns
  Data Path Delay:      5.964ns (Levels of Logic = 4)
  Clock Path Skew:      -0.130ns (0.438 - 0.568)
  Source Clock:         clock_BUFGP rising at 0.000ns
  Destination Clock:    clock_BUFGP rising at 20.000ns
  Clock Uncertainty:    0.000ns

  Maximum Data Path: teclado/ps2_rx_unit/filter_reg_4 to teclado/ps2_rx_unit/b_reg_3
    Location             Delay type         Delay(ns)  Physical Resource
                                                       Logical Resource(s)
    -------------------------------------------------  -------------------
    SLICE_X40Y21.YQ      Tcko                  0.676   teclado/ps2_rx_unit/filter_reg<5>
                                                       teclado/ps2_rx_unit/filter_reg_4
    SLICE_X41Y23.G4      net (fanout=4)        0.466   teclado/ps2_rx_unit/filter_reg<4>
    SLICE_X41Y23.Y       Tilo                  0.648   teclado/ps2_rx_unit/fall_edge16
                                                       teclado/ps2_rx_unit/fall_edge11
    SLICE_X41Y23.F4      net (fanout=1)        0.044   teclado/ps2_rx_unit/fall_edge11/O
    SLICE_X41Y23.X       Tilo                  0.643   teclado/ps2_rx_unit/fall_edge16
                                                       teclado/ps2_rx_unit/fall_edge16
    SLICE_X42Y24.G1      net (fanout=5)        0.833   teclado/ps2_rx_unit/fall_edge16
    SLICE_X42Y24.Y       Tilo                  0.707   teclado/ps2_rx_unit/b_reg<9>
                                                       teclado/ps2_rx_unit/b_reg_mux0000<10>21
    SLICE_X44Y25.G4      net (fanout=10)       1.130   teclado/ps2_rx_unit/N6
    SLICE_X44Y25.CLK     Tgck                  0.817   teclado/ps2_rx_unit/b_reg<4>
                                                       teclado/ps2_rx_unit/b_reg_mux0000<3>1
                                                       teclado/ps2_rx_unit/b_reg_3
    -------------------------------------------------  ---------------------------
    Total                                      5.964ns (3.491ns logic, 2.473ns route)
                                                       (58.5% logic, 41.5% route)

--------------------------------------------------------------------------------

Paths for end point teclado/ps2_rx_unit/b_reg_4 (SLICE_X44Y25.F4), 11 paths
--------------------------------------------------------------------------------
Slack (setup path):     13.457ns (requirement - (data path - clock path skew + uncertainty))
  Source:               teclado/ps2_rx_unit/filter_reg_3 (FF)
  Destination:          teclado/ps2_rx_unit/b_reg_4 (FF)
  Requirement:          20.000ns
  Data Path Delay:      6.409ns (Levels of Logic = 4)
  Clock Path Skew:      -0.134ns (0.438 - 0.572)
  Source Clock:         clock_BUFGP rising at 0.000ns
  Destination Clock:    clock_BUFGP rising at 20.000ns
  Clock Uncertainty:    0.000ns

  Maximum Data Path: teclado/ps2_rx_unit/filter_reg_3 to teclado/ps2_rx_unit/b_reg_4
    Location             Delay type         Delay(ns)  Physical Resource
                                                       Logical Resource(s)
    -------------------------------------------------  -------------------
    SLICE_X40Y22.XQ      Tcko                  0.631   teclado/ps2_rx_unit/filter_reg<3>
                                                       teclado/ps2_rx_unit/filter_reg_3
    SLICE_X41Y23.G1      net (fanout=4)        1.017   teclado/ps2_rx_unit/filter_reg<3>
    SLICE_X41Y23.Y       Tilo                  0.648   teclado/ps2_rx_unit/fall_edge16
                                                       teclado/ps2_rx_unit/fall_edge11
    SLICE_X41Y23.F4      net (fanout=1)        0.044   teclado/ps2_rx_unit/fall_edge11/O
    SLICE_X41Y23.X       Tilo                  0.643   teclado/ps2_rx_unit/fall_edge16
                                                       teclado/ps2_rx_unit/fall_edge16
    SLICE_X42Y24.G1      net (fanout=5)        0.833   teclado/ps2_rx_unit/fall_edge16
    SLICE_X42Y24.Y       Tilo                  0.707   teclado/ps2_rx_unit/b_reg<9>
                                                       teclado/ps2_rx_unit/b_reg_mux0000<10>21
    SLICE_X44Y25.F4      net (fanout=10)       1.084   teclado/ps2_rx_unit/N6
    SLICE_X44Y25.CLK     Tfck                  0.802   teclado/ps2_rx_unit/b_reg<4>
                                                       teclado/ps2_rx_unit/b_reg_mux0000<4>1
                                                       teclado/ps2_rx_unit/b_reg_4
    -------------------------------------------------  ---------------------------
    Total                                      6.409ns (3.431ns logic, 2.978ns route)
                                                       (53.5% logic, 46.5% route)

--------------------------------------------------------------------------------
Slack (setup path):     13.840ns (requirement - (data path - clock path skew + uncertainty))
  Source:               teclado/ps2_rx_unit/filter_reg_2 (FF)
  Destination:          teclado/ps2_rx_unit/b_reg_4 (FF)
  Requirement:          20.000ns
  Data Path Delay:      6.026ns (Levels of Logic = 3)
  Clock Path Skew:      -0.134ns (0.438 - 0.572)
  Source Clock:         clock_BUFGP rising at 0.000ns
  Destination Clock:    clock_BUFGP rising at 20.000ns
  Clock Uncertainty:    0.000ns

  Maximum Data Path: teclado/ps2_rx_unit/filter_reg_2 to teclado/ps2_rx_unit/b_reg_4
    Location             Delay type         Delay(ns)  Physical Resource
                                                       Logical Resource(s)
    -------------------------------------------------  -------------------
    SLICE_X40Y22.YQ      Tcko                  0.676   teclado/ps2_rx_unit/filter_reg<3>
                                                       teclado/ps2_rx_unit/filter_reg_2
    SLICE_X41Y23.F3      net (fanout=4)        1.281   teclado/ps2_rx_unit/filter_reg<2>
    SLICE_X41Y23.X       Tilo                  0.643   teclado/ps2_rx_unit/fall_edge16
                                                       teclado/ps2_rx_unit/fall_edge16
    SLICE_X42Y24.G1      net (fanout=5)        0.833   teclado/ps2_rx_unit/fall_edge16
    SLICE_X42Y24.Y       Tilo                  0.707   teclado/ps2_rx_unit/b_reg<9>
                                                       teclado/ps2_rx_unit/b_reg_mux0000<10>21
    SLICE_X44Y25.F4      net (fanout=10)       1.084   teclado/ps2_rx_unit/N6
    SLICE_X44Y25.CLK     Tfck                  0.802   teclado/ps2_rx_unit/b_reg<4>
                                                       teclado/ps2_rx_unit/b_reg_mux0000<4>1
                                                       teclado/ps2_rx_unit/b_reg_4
    -------------------------------------------------  ---------------------------
    Total                                      6.026ns (2.828ns logic, 3.198ns route)
                                                       (46.9% logic, 53.1% route)

--------------------------------------------------------------------------------
Slack (setup path):     13.967ns (requirement - (data path - clock path skew + uncertainty))
  Source:               teclado/ps2_rx_unit/filter_reg_4 (FF)
  Destination:          teclado/ps2_rx_unit/b_reg_4 (FF)
  Requirement:          20.000ns
  Data Path Delay:      5.903ns (Levels of Logic = 4)
  Clock Path Skew:      -0.130ns (0.438 - 0.568)
  Source Clock:         clock_BUFGP rising at 0.000ns
  Destination Clock:    clock_BUFGP rising at 20.000ns
  Clock Uncertainty:    0.000ns

  Maximum Data Path: teclado/ps2_rx_unit/filter_reg_4 to teclado/ps2_rx_unit/b_reg_4
    Location             Delay type         Delay(ns)  Physical Resource
                                                       Logical Resource(s)
    -------------------------------------------------  -------------------
    SLICE_X40Y21.YQ      Tcko                  0.676   teclado/ps2_rx_unit/filter_reg<5>
                                                       teclado/ps2_rx_unit/filter_reg_4
    SLICE_X41Y23.G4      net (fanout=4)        0.466   teclado/ps2_rx_unit/filter_reg<4>
    SLICE_X41Y23.Y       Tilo                  0.648   teclado/ps2_rx_unit/fall_edge16
                                                       teclado/ps2_rx_unit/fall_edge11
    SLICE_X41Y23.F4      net (fanout=1)        0.044   teclado/ps2_rx_unit/fall_edge11/O
    SLICE_X41Y23.X       Tilo                  0.643   teclado/ps2_rx_unit/fall_edge16
                                                       teclado/ps2_rx_unit/fall_edge16
    SLICE_X42Y24.G1      net (fanout=5)        0.833   teclado/ps2_rx_unit/fall_edge16
    SLICE_X42Y24.Y       Tilo                  0.707   teclado/ps2_rx_unit/b_reg<9>
                                                       teclado/ps2_rx_unit/b_reg_mux0000<10>21
    SLICE_X44Y25.F4      net (fanout=10)       1.084   teclado/ps2_rx_unit/N6
    SLICE_X44Y25.CLK     Tfck                  0.802   teclado/ps2_rx_unit/b_reg<4>
                                                       teclado/ps2_rx_unit/b_reg_mux0000<4>1
                                                       teclado/ps2_rx_unit/b_reg_4
    -------------------------------------------------  ---------------------------
    Total                                      5.903ns (3.476ns logic, 2.427ns route)
                                                       (58.9% logic, 41.1% route)

--------------------------------------------------------------------------------

Paths for end point teclado/ps2_rx_unit/n_reg_1 (SLICE_X43Y23.F1), 13 paths
--------------------------------------------------------------------------------
Slack (setup path):     13.497ns (requirement - (data path - clock path skew + uncertainty))
  Source:               teclado/ps2_rx_unit/filter_reg_3 (FF)
  Destination:          teclado/ps2_rx_unit/n_reg_1 (FF)
  Requirement:          20.000ns
  Data Path Delay:      6.434ns (Levels of Logic = 5)
  Clock Path Skew:      -0.069ns (0.257 - 0.326)
  Source Clock:         clock_BUFGP rising at 0.000ns
  Destination Clock:    clock_BUFGP rising at 20.000ns
  Clock Uncertainty:    0.000ns

  Maximum Data Path: teclado/ps2_rx_unit/filter_reg_3 to teclado/ps2_rx_unit/n_reg_1
    Location             Delay type         Delay(ns)  Physical Resource
                                                       Logical Resource(s)
    -------------------------------------------------  -------------------
    SLICE_X40Y22.XQ      Tcko                  0.631   teclado/ps2_rx_unit/filter_reg<3>
                                                       teclado/ps2_rx_unit/filter_reg_3
    SLICE_X41Y23.G1      net (fanout=4)        1.017   teclado/ps2_rx_unit/filter_reg<3>
    SLICE_X41Y23.Y       Tilo                  0.648   teclado/ps2_rx_unit/fall_edge16
                                                       teclado/ps2_rx_unit/fall_edge11
    SLICE_X41Y23.F4      net (fanout=1)        0.044   teclado/ps2_rx_unit/fall_edge11/O
    SLICE_X41Y23.X       Tilo                  0.643   teclado/ps2_rx_unit/fall_edge16
                                                       teclado/ps2_rx_unit/fall_edge16
    SLICE_X43Y20.G4      net (fanout=5)        0.504   teclado/ps2_rx_unit/fall_edge16
    SLICE_X43Y20.Y       Tilo                  0.648   teclado/ps2_rx_unit/N5
                                                       teclado/ps2_rx_unit/fall_edge32
    SLICE_X43Y20.F3      net (fanout=2)        0.100   teclado/ps2_rx_unit/fall_edge
    SLICE_X43Y20.X       Tilo                  0.643   teclado/ps2_rx_unit/N5
                                                       teclado/ps2_rx_unit/n_reg_mux0000<1>1
    SLICE_X43Y23.F1      net (fanout=3)        0.834   teclado/ps2_rx_unit/N5
    SLICE_X43Y23.CLK     Tfck                  0.722   teclado/ps2_rx_unit/n_reg<1>
                                                       teclado/ps2_rx_unit/n_reg_mux0000<2>
                                                       teclado/ps2_rx_unit/n_reg_1
    -------------------------------------------------  ---------------------------
    Total                                      6.434ns (3.935ns logic, 2.499ns route)
                                                       (61.2% logic, 38.8% route)

--------------------------------------------------------------------------------
Slack (setup path):     13.880ns (requirement - (data path - clock path skew + uncertainty))
  Source:               teclado/ps2_rx_unit/filter_reg_2 (FF)
  Destination:          teclado/ps2_rx_unit/n_reg_1 (FF)
  Requirement:          20.000ns
  Data Path Delay:      6.051ns (Levels of Logic = 4)
  Clock Path Skew:      -0.069ns (0.257 - 0.326)
  Source Clock:         clock_BUFGP rising at 0.000ns
  Destination Clock:    clock_BUFGP rising at 20.000ns
  Clock Uncertainty:    0.000ns

  Maximum Data Path: teclado/ps2_rx_unit/filter_reg_2 to teclado/ps2_rx_unit/n_reg_1
    Location             Delay type         Delay(ns)  Physical Resource
                                                       Logical Resource(s)
    -------------------------------------------------  -------------------
    SLICE_X40Y22.YQ      Tcko                  0.676   teclado/ps2_rx_unit/filter_reg<3>
                                                       teclado/ps2_rx_unit/filter_reg_2
    SLICE_X41Y23.F3      net (fanout=4)        1.281   teclado/ps2_rx_unit/filter_reg<2>
    SLICE_X41Y23.X       Tilo                  0.643   teclado/ps2_rx_unit/fall_edge16
                                                       teclado/ps2_rx_unit/fall_edge16
    SLICE_X43Y20.G4      net (fanout=5)        0.504   teclado/ps2_rx_unit/fall_edge16
    SLICE_X43Y20.Y       Tilo                  0.648   teclado/ps2_rx_unit/N5
                                                       teclado/ps2_rx_unit/fall_edge32
    SLICE_X43Y20.F3      net (fanout=2)        0.100   teclado/ps2_rx_unit/fall_edge
    SLICE_X43Y20.X       Tilo                  0.643   teclado/ps2_rx_unit/N5
                                                       teclado/ps2_rx_unit/n_reg_mux0000<1>1
    SLICE_X43Y23.F1      net (fanout=3)        0.834   teclado/ps2_rx_unit/N5
    SLICE_X43Y23.CLK     Tfck                  0.722   teclado/ps2_rx_unit/n_reg<1>
                                                       teclado/ps2_rx_unit/n_reg_mux0000<2>
                                                       teclado/ps2_rx_unit/n_reg_1
    -------------------------------------------------  ---------------------------
    Total                                      6.051ns (3.332ns logic, 2.719ns route)
                                                       (55.1% logic, 44.9% route)

--------------------------------------------------------------------------------
Slack (setup path):     14.007ns (requirement - (data path - clock path skew + uncertainty))
  Source:               teclado/ps2_rx_unit/filter_reg_4 (FF)
  Destination:          teclado/ps2_rx_unit/n_reg_1 (FF)
  Requirement:          20.000ns
  Data Path Delay:      5.928ns (Levels of Logic = 5)
  Clock Path Skew:      -0.065ns (0.257 - 0.322)
  Source Clock:         clock_BUFGP rising at 0.000ns
  Destination Clock:    clock_BUFGP rising at 20.000ns
  Clock Uncertainty:    0.000ns

  Maximum Data Path: teclado/ps2_rx_unit/filter_reg_4 to teclado/ps2_rx_unit/n_reg_1
    Location             Delay type         Delay(ns)  Physical Resource
                                                       Logical Resource(s)
    -------------------------------------------------  -------------------
    SLICE_X40Y21.YQ      Tcko                  0.676   teclado/ps2_rx_unit/filter_reg<5>
                                                       teclado/ps2_rx_unit/filter_reg_4
    SLICE_X41Y23.G4      net (fanout=4)        0.466   teclado/ps2_rx_unit/filter_reg<4>
    SLICE_X41Y23.Y       Tilo                  0.648   teclado/ps2_rx_unit/fall_edge16
                                                       teclado/ps2_rx_unit/fall_edge11
    SLICE_X41Y23.F4      net (fanout=1)        0.044   teclado/ps2_rx_unit/fall_edge11/O
    SLICE_X41Y23.X       Tilo                  0.643   teclado/ps2_rx_unit/fall_edge16
                                                       teclado/ps2_rx_unit/fall_edge16
    SLICE_X43Y20.G4      net (fanout=5)        0.504   teclado/ps2_rx_unit/fall_edge16
    SLICE_X43Y20.Y       Tilo                  0.648   teclado/ps2_rx_unit/N5
                                                       teclado/ps2_rx_unit/fall_edge32
    SLICE_X43Y20.F3      net (fanout=2)        0.100   teclado/ps2_rx_unit/fall_edge
    SLICE_X43Y20.X       Tilo                  0.643   teclado/ps2_rx_unit/N5
                                                       teclado/ps2_rx_unit/n_reg_mux0000<1>1
    SLICE_X43Y23.F1      net (fanout=3)        0.834   teclado/ps2_rx_unit/N5
    SLICE_X43Y23.CLK     Tfck                  0.722   teclado/ps2_rx_unit/n_reg<1>
                                                       teclado/ps2_rx_unit/n_reg_mux0000<2>
                                                       teclado/ps2_rx_unit/n_reg_1
    -------------------------------------------------  ---------------------------
    Total                                      5.928ns (3.980ns logic, 1.948ns route)
                                                       (67.1% logic, 32.9% route)

--------------------------------------------------------------------------------

Hold Paths: NET "clock_BUFGP/IBUFG" PERIOD = 20 ns HIGH 50%;
--------------------------------------------------------------------------------

Paths for end point teclado/fifo_key_unit/array_reg_0_0 (SLICE_X47Y25.BY), 1 path
--------------------------------------------------------------------------------
Slack (hold path):      1.026ns (requirement - (clock path skew + uncertainty - data path))
  Source:               teclado/ps2_rx_unit/b_reg_1 (FF)
  Destination:          teclado/fifo_key_unit/array_reg_0_0 (FF)
  Requirement:          0.000ns
  Data Path Delay:      1.052ns (Levels of Logic = 0)
  Clock Path Skew:      0.026ns (0.261 - 0.235)
  Source Clock:         clock_BUFGP rising at 20.000ns
  Destination Clock:    clock_BUFGP rising at 20.000ns
  Clock Uncertainty:    0.000ns

  Minimum Data Path: teclado/ps2_rx_unit/b_reg_1 to teclado/fifo_key_unit/array_reg_0_0
    Location             Delay type         Delay(ns)  Physical Resource
                                                       Logical Resource(s)
    -------------------------------------------------  -------------------
    SLICE_X45Y24.YQ      Tcko                  0.464   teclado/ps2_rx_unit/b_reg<2>
                                                       teclado/ps2_rx_unit/b_reg_1
    SLICE_X47Y25.BY      net (fanout=6)        0.448   teclado/ps2_rx_unit/b_reg<1>
    SLICE_X47Y25.CLK     Tckdi       (-Th)    -0.140   teclado/fifo_key_unit/array_reg_0_1
                                                       teclado/fifo_key_unit/array_reg_0_0
    -------------------------------------------------  ---------------------------
    Total                                      1.052ns (0.604ns logic, 0.448ns route)
                                                       (57.4% logic, 42.6% route)

--------------------------------------------------------------------------------

Paths for end point teclado/fifo_key_unit/array_reg_2_1 (SLICE_X45Y25.BX), 1 path
--------------------------------------------------------------------------------
Slack (hold path):      1.035ns (requirement - (clock path skew + uncertainty - data path))
  Source:               teclado/ps2_rx_unit/b_reg_2 (FF)
  Destination:          teclado/fifo_key_unit/array_reg_2_1 (FF)
  Requirement:          0.000ns
  Data Path Delay:      1.039ns (Levels of Logic = 0)
  Clock Path Skew:      0.004ns (0.024 - 0.020)
  Source Clock:         clock_BUFGP rising at 20.000ns
  Destination Clock:    clock_BUFGP rising at 20.000ns
  Clock Uncertainty:    0.000ns

  Minimum Data Path: teclado/ps2_rx_unit/b_reg_2 to teclado/fifo_key_unit/array_reg_2_1
    Location             Delay type         Delay(ns)  Physical Resource
                                                       Logical Resource(s)
    -------------------------------------------------  -------------------
    SLICE_X45Y24.XQ      Tcko                  0.473   teclado/ps2_rx_unit/b_reg<2>
                                                       teclado/ps2_rx_unit/b_reg_2
    SLICE_X45Y25.BX      net (fanout=7)        0.477   teclado/ps2_rx_unit/b_reg<2>
    SLICE_X45Y25.CLK     Tckdi       (-Th)    -0.089   teclado/fifo_key_unit/array_reg_2_1
                                                       teclado/fifo_key_unit/array_reg_2_1
    -------------------------------------------------  ---------------------------
    Total                                      1.039ns (0.562ns logic, 0.477ns route)
                                                       (54.1% logic, 45.9% route)

--------------------------------------------------------------------------------

Paths for end point teclado/ps2_rx_unit/filter_reg_5 (SLICE_X40Y21.BX), 1 path
--------------------------------------------------------------------------------
Slack (hold path):      1.074ns (requirement - (clock path skew + uncertainty - data path))
  Source:               teclado/ps2_rx_unit/filter_reg_6 (FF)
  Destination:          teclado/ps2_rx_unit/filter_reg_5 (FF)
  Requirement:          0.000ns
  Data Path Delay:      1.090ns (Levels of Logic = 0)
  Clock Path Skew:      0.016ns (0.055 - 0.039)
  Source Clock:         clock_BUFGP rising at 20.000ns
  Destination Clock:    clock_BUFGP rising at 20.000ns
  Clock Uncertainty:    0.000ns

  Minimum Data Path: teclado/ps2_rx_unit/filter_reg_6 to teclado/ps2_rx_unit/filter_reg_5
    Location             Delay type         Delay(ns)  Physical Resource
                                                       Logical Resource(s)
    -------------------------------------------------  -------------------
    SLICE_X40Y18.YQ      Tcko                  0.541   teclado/ps2_rx_unit/filter_reg<7>
                                                       teclado/ps2_rx_unit/filter_reg_6
    SLICE_X40Y21.BX      net (fanout=4)        0.411   teclado/ps2_rx_unit/filter_reg<6>
    SLICE_X40Y21.CLK     Tckdi       (-Th)    -0.138   teclado/ps2_rx_unit/filter_reg<5>
                                                       teclado/ps2_rx_unit/filter_reg_5
    -------------------------------------------------  ---------------------------
    Total                                      1.090ns (0.679ns logic, 0.411ns route)
                                                       (62.3% logic, 37.7% route)

--------------------------------------------------------------------------------

Component Switching Limit Checks: NET "clock_BUFGP/IBUFG" PERIOD = 20 ns HIGH 50%;
--------------------------------------------------------------------------------
Slack: 18.398ns (period - (min low pulse limit / (low pulse / period)))
  Period: 20.000ns
  Low pulse: 10.000ns
  Low pulse limit: 0.801ns (Tcl)
  Physical resource: teclado/ps2_rx_unit/n_reg<3>/CLK
  Logical resource: teclado/ps2_rx_unit/n_reg_3/CK
  Location pin: SLICE_X42Y23.CLK
  Clock network: clock_BUFGP
--------------------------------------------------------------------------------
Slack: 18.398ns (period - (min high pulse limit / (high pulse / period)))
  Period: 20.000ns
  High pulse: 10.000ns
  High pulse limit: 0.801ns (Tch)
  Physical resource: teclado/ps2_rx_unit/n_reg<3>/CLK
  Logical resource: teclado/ps2_rx_unit/n_reg_3/CK
  Location pin: SLICE_X42Y23.CLK
  Clock network: clock_BUFGP
--------------------------------------------------------------------------------
Slack: 18.398ns (period - min period limit)
  Period: 20.000ns
  Min period limit: 1.602ns (624.220MHz) (Tcp)
  Physical resource: teclado/ps2_rx_unit/n_reg<3>/CLK
  Logical resource: teclado/ps2_rx_unit/n_reg_3/CK
  Location pin: SLICE_X42Y23.CLK
  Clock network: clock_BUFGP
--------------------------------------------------------------------------------


All constraints were met.


Data Sheet report:
-----------------
All values displayed in nanoseconds (ns)

Clock to Setup on destination clock clock
---------------+---------+---------+---------+---------+
               | Src:Rise| Src:Fall| Src:Rise| Src:Fall|
Source Clock   |Dest:Rise|Dest:Rise|Dest:Fall|Dest:Fall|
---------------+---------+---------+---------+---------+
clock          |    6.604|         |         |         |
---------------+---------+---------+---------+---------+


Timing summary:
---------------

Timing errors: 0  Score: 0  (Setup/Max: 0, Hold: 0)

Constraints cover 659 paths, 0 nets, and 342 connections

Design statistics:
   Minimum period:   6.604ns{1}   (Maximum frequency: 151.423MHz)


------------------------------------Footnotes-----------------------------------
1)  The minimum period statistic assumes all single cycle delays.

Analysis completed Thu Dec 13 12:24:17 2018 
--------------------------------------------------------------------------------

Trace Settings:
-------------------------
Trace Settings 

Peak Memory Usage: 383 MB



