Release 14.7 - xst P.20131013 (lin64)
Copyright (c) 1995-2013 Xilinx, Inc.  All rights reserved.
--> 
Parameter TMPDIR set to xst/projnav.tmp


Total REAL time to Xst completion: 0.00 secs
Total CPU time to Xst completion: 0.06 secs
 
--> 
Parameter xsthdpdir set to xst


Total REAL time to Xst completion: 0.00 secs
Total CPU time to Xst completion: 0.06 secs
 
--> 
Reading design: ConvertBCDToLCDNUM.prj

TABLE OF CONTENTS
  1) Synthesis Options Summary
  2) HDL Compilation
  3) Design Hierarchy Analysis
  4) HDL Analysis
  5) HDL Synthesis
     5.1) HDL Synthesis Report
  6) Advanced HDL Synthesis
     6.1) Advanced HDL Synthesis Report
  7) Low Level Synthesis
  8) Partition Report
  9) Final Report
	9.1) Device utilization summary
	9.2) Partition Resource Summary
	9.3) TIMING REPORT


=========================================================================
*                      Synthesis Options Summary                        *
=========================================================================
---- Source Parameters
Input File Name                    : "ConvertBCDToLCDNUM.prj"
Input Format                       : mixed
Ignore Synthesis Constraint File   : NO

---- Target Parameters
Output File Name                   : "ConvertBCDToLCDNUM"
Output Format                      : NGC
Target Device                      : xc3s700an-4-fgg484

---- Source Options
Top Module Name                    : ConvertBCDToLCDNUM
Automatic FSM Extraction           : YES
FSM Encoding Algorithm             : Auto
Safe Implementation                : No
FSM Style                          : LUT
RAM Extraction                     : Yes
RAM Style                          : Auto
ROM Extraction                     : Yes
Mux Style                          : Auto
Decoder Extraction                 : YES
Priority Encoder Extraction        : Yes
Shift Register Extraction          : YES
Logical Shifter Extraction         : YES
XOR Collapsing                     : YES
ROM Style                          : Auto
Mux Extraction                     : Yes
Resource Sharing                   : YES
Asynchronous To Synchronous        : NO
Multiplier Style                   : Auto
Automatic Register Balancing       : No

---- Target Options
Add IO Buffers                     : YES
Global Maximum Fanout              : 100000
Add Generic Clock Buffer(BUFG)     : 24
Register Duplication               : YES
Slice Packing                      : YES
Optimize Instantiated Primitives   : NO
Use Clock Enable                   : Yes
Use Synchronous Set                : Yes
Use Synchronous Reset              : Yes
Pack IO Registers into IOBs        : Auto
Equivalent register Removal        : YES

---- General Options
Optimization Goal                  : Speed
Optimization Effort                : 1
Keep Hierarchy                     : No
Netlist Hierarchy                  : As_Optimized
RTL Output                         : Yes
Global Optimization                : AllClockNets
Read Cores                         : YES
Write Timing Constraints           : NO
Cross Clock Analysis               : NO
Hierarchy Separator                : /
Bus Delimiter                      : <>
Case Specifier                     : Maintain
Slice Utilization Ratio            : 100
BRAM Utilization Ratio             : 100
Verilog 2001                       : YES
Auto BRAM Packing                  : NO
Slice Utilization Ratio Delta      : 5

=========================================================================


=========================================================================
*                          HDL Compilation                              *
=========================================================================
Compiling vhdl file "/home/juan/Documents/SD_trabalho2/Trabalho2_SD/Calculadora/ConvertBCDToLCDNUM.vhd" in Library work.
Architecture convertbcdtolcdnumarch of Entity convertbcdtolcdnum is up to date.

=========================================================================
*                     Design Hierarchy Analysis                         *
=========================================================================
Analyzing hierarchy for entity <ConvertBCDToLCDNUM> in library <work> (architecture <convertbcdtolcdnumarch>).


=========================================================================
*                            HDL Analysis                               *
=========================================================================
Analyzing Entity <ConvertBCDToLCDNUM> in library <work> (Architecture <convertbcdtolcdnumarch>).
WARNING:Xst:819 - "/home/juan/Documents/SD_trabalho2/Trabalho2_SD/Calculadora/ConvertBCDToLCDNUM.vhd" line 51: One or more signals are missing in the process sensitivity list. To enable synthesis of FPGA/CPLD hardware, XST will assume that all necessary signals are present in the sensitivity list. Please note that the result of the synthesis may differ from the initial design specification. The missing signals are:
   <entradaAux>
Entity <ConvertBCDToLCDNUM> analyzed. Unit <ConvertBCDToLCDNUM> generated.


=========================================================================
*                           HDL Synthesis                               *
=========================================================================

Performing bidirectional port resolution...

Synthesizing Unit <ConvertBCDToLCDNUM>.
    Related source file is "/home/juan/Documents/SD_trabalho2/Trabalho2_SD/Calculadora/ConvertBCDToLCDNUM.vhd".
WARNING:Xst:647 - Input <numEntrada<27:0>> is never used. This port will be preserved and left unconnected if it belongs to a top-level block or it belongs to a sub-block and the hierarchy of this sub-block is preserved.
WARNING:Xst:737 - Found 8-bit latch for signal <entradaAux>. Latches may be generated from incomplete case or if statements. We do not recommend the use of latches in FPGA/CPLD designs, as they may lead to timing problems.
INFO:Xst:2371 - HDL ADVISOR - Logic functions respectively driving the data and gate enable inputs of this latch share common terms. This situation will potentially lead to setup/hold violations and, as a result, to simulation problems. This situation may come from an incomplete case statement (all selector values are not covered). You should carefully review if it was in your intentions to describe such a latch.
Unit <ConvertBCDToLCDNUM> synthesized.


=========================================================================
HDL Synthesis Report

Macro Statistics
# Latches                                              : 1
 8-bit latch                                           : 1

=========================================================================

=========================================================================
*                       Advanced HDL Synthesis                          *
=========================================================================

WARNING:Xst:1293 - FF/Latch <0> has a constant value of 0 in block <7>. This FF/Latch will be trimmed during the optimization process.

=========================================================================
Advanced HDL Synthesis Report

Macro Statistics
# Latches                                              : 1
 8-bit latch                                           : 1

=========================================================================

=========================================================================
*                         Low Level Synthesis                           *
=========================================================================
WARNING:Xst:1293 - FF/Latch <7> has a constant value of 0 in block <LPM_LATCH_1>. This FF/Latch will be trimmed during the optimization process.
WARNING:Xst:2170 - Unit ConvertBCDToLCDNUM : the following signal(s) form a combinatorial loop: entradaAux_and0000, numSaida<14>.
WARNING:Xst:2170 - Unit ConvertBCDToLCDNUM : the following signal(s) form a combinatorial loop: entradaAux_cmp_eq0003, numSaida<13>, entrada_5_or0001, numSaida<8>.
WARNING:Xst:2170 - Unit ConvertBCDToLCDNUM : the following signal(s) form a combinatorial loop: numSaida<12>, numSaida<9>, entrada_4_or0001, entradaAux_cmp_eq0001.
WARNING:Xst:2170 - Unit ConvertBCDToLCDNUM : the following signal(s) form a combinatorial loop: numSaida<10>, entradaAux_and0002, entrada_0_or0002, entradaAux_cmp_eq0004, numSaida<11>.

Optimizing unit <ConvertBCDToLCDNUM> ...

Mapping all equations...
WARNING:Xst:2170 - Unit ConvertBCDToLCDNUM : the following signal(s) form a combinatorial loop: N21.
Building and optimizing final netlist ...
Found area constraint ratio of 100 (+ 5) on block ConvertBCDToLCDNUM, actual ratio is 0.

Final Macro Processing ...

=========================================================================
Final Register Report

Found no macro
=========================================================================

=========================================================================
*                           Partition Report                            *
=========================================================================

Partition Implementation Status
-------------------------------

  No Partitions were found in this design.

-------------------------------

=========================================================================
*                            Final Report                               *
=========================================================================
Final Results
RTL Top Level Output File Name     : ConvertBCDToLCDNUM.ngr
Top Level Output File Name         : ConvertBCDToLCDNUM
Output Format                      : NGC
Optimization Goal                  : Speed
Keep Hierarchy                     : No

Design Statistics
# IOs                              : 96

Cell Usage :
# BELS                             : 33
#      GND                         : 1
#      LUT2                        : 7
#      LUT3                        : 7
#      LUT4                        : 14
#      MUXF5                       : 3
#      VCC                         : 1
# FlipFlops/Latches                : 7
#      LD                          : 7
# IO Buffers                       : 68
#      IBUF                        : 4
#      OBUF                        : 64
=========================================================================

Device utilization summary:
---------------------------

Selected Device : 3s700anfgg484-4 

 Number of Slices:                       16  out of   5888     0%  
 Number of 4 input LUTs:                 28  out of  11776     0%  
 Number of IOs:                          96
 Number of bonded IOBs:                  68  out of    372    18%  
    IOB Flip Flops:                       7

---------------------------
Partition Resource Summary:
---------------------------

  No Partitions were found in this design.

---------------------------


=========================================================================
TIMING REPORT

NOTE: THESE TIMING NUMBERS ARE ONLY A SYNTHESIS ESTIMATE.
      FOR ACCURATE TIMING INFORMATION PLEASE REFER TO THE TRACE REPORT
      GENERATED AFTER PLACE-and-ROUTE.

Clock Information:
------------------
-----------------------------------------+------------------------+-------+
Clock Signal                             | Clock buffer(FF name)  | Load  |
-----------------------------------------+------------------------+-------+
entradaAux_not0001(entradaAux_not00011:O)| NONE(*)(entradaAux_0)  | 7     |
-----------------------------------------+------------------------+-------+
(*) This 1 clock signal(s) are generated by combinatorial logic,
and XST is not able to identify which are the primary clock signals.
Please use the CLOCK_SIGNAL constraint to specify the clock signal(s) generated by combinatorial logic.
INFO:Xst:2169 - HDL ADVISOR - Some clock signals were not automatically buffered by XST with BUFG/BUFR resources. Please use the buffer_type constraint in order to insert these buffers to the clock signals to help prevent skew problems.

Asynchronous Control Signals Information:
----------------------------------------
No asynchronous control signals found in this design

Timing Summary:
---------------
Speed Grade: -4

   Minimum period: No path found
   Minimum input arrival time before clock: 18.463ns
   Maximum output required time after clock: 5.668ns
   Maximum combinational path delay: 23.523ns

Timing Detail:
--------------
All values displayed in nanoseconds (ns)

=========================================================================
Timing constraint: Default OFFSET IN BEFORE for Clock 'entradaAux_not0001'
  Total number of paths / destination ports: 999 / 7
-------------------------------------------------------------------------
Offset:              18.463ns (Levels of Logic = 13)
  Source:            numEntrada<29> (PAD)
  Destination:       entradaAux_1 (LATCH)
  Destination Clock: entradaAux_not0001 falling

  Data Path: numEntrada<29> to entradaAux_1
                                Gate     Net
    Cell:in->out      fanout   Delay   Delay  Logical Name (Net Name)
    ----------------------------------------  ------------
     IBUF:I->O             2   0.849   0.590  numEntrada_29_IBUF (numEntrada_29_IBUF)
     LUT2:I0->O            1   0.648   0.563  entrada_1_mux00632 (entrada_1_mux00632)
     LUT4:I0->O           15   0.648   1.017  entrada_1_mux006341 (numSaida_9_OBUF)
     MUXF5:S->O           12   0.756   1.041  entrada_0_or00021_f5 (N21)
     LUT4:I1->O           12   0.643   1.104  entrada_2_mux00631 (numSaida_10_OBUF)
     LUT2:I0->O            1   0.648   0.452  entrada_0_mux00639 (entrada_0_mux00639)
     LUT3:I2->O            1   0.648   0.500  entrada_0_mux006319 (entrada_0_mux006319)
     LUT3:I1->O           16   0.643   1.114  entrada_0_mux006333 (numSaida_8_OBUF)
     LUT4:I1->O            9   0.643   0.963  numSaida<13>1 (numSaida_13_OBUF)
     LUT3:I0->O           18   0.648   1.211  entradaAux_not000121 (entradaAux_and0000)
     LUT4:I0->O            1   0.648   0.000  entrada_3_mux00631 (entrada_3_mux0063)
     MUXF5:I1->O          23   0.276   1.202  entrada_3_mux0063_f5 (numSaida_11_OBUF)
     MUXF5:S->O            1   0.756   0.000  entradaAux_mux0008<1>_f5 (entradaAux_mux0008<1>)
     LD:D                      0.252          entradaAux_1
    ----------------------------------------
    Total                     18.463ns (8.706ns logic, 9.757ns route)
                                       (47.2% logic, 52.8% route)

=========================================================================
Timing constraint: Default OFFSET OUT AFTER for Clock 'entradaAux_not0001'
  Total number of paths / destination ports: 7 / 7
-------------------------------------------------------------------------
Offset:              5.668ns (Levels of Logic = 1)
  Source:            entradaAux_6 (LATCH)
  Destination:       numSaida<6> (PAD)
  Source Clock:      entradaAux_not0001 falling

  Data Path: entradaAux_6 to numSaida<6>
                                Gate     Net
    Cell:in->out      fanout   Delay   Delay  Logical Name (Net Name)
    ----------------------------------------  ------------
     LD:G->Q               1   0.728   0.420  entradaAux_6 (entradaAux_6)
     OBUF:I->O                 4.520          numSaida_6_OBUF (numSaida<6>)
    ----------------------------------------
    Total                      5.668ns (5.248ns logic, 0.420ns route)
                                       (92.6% logic, 7.4% route)

=========================================================================
Timing constraint: Default path analysis
  Total number of paths / destination ports: 2996 / 49
-------------------------------------------------------------------------
Delay:               23.523ns (Levels of Logic = 14)
  Source:            numEntrada<29> (PAD)
  Destination:       numSaida<62> (PAD)

  Data Path: numEntrada<29> to numSaida<62>
                                Gate     Net
    Cell:in->out      fanout   Delay   Delay  Logical Name (Net Name)
    ----------------------------------------  ------------
     IBUF:I->O             2   0.849   0.590  numEntrada_29_IBUF (numEntrada_29_IBUF)
     LUT2:I0->O            1   0.648   0.563  entrada_1_mux00632 (entrada_1_mux00632)
     LUT4:I0->O           15   0.648   1.017  entrada_1_mux006341 (numSaida_9_OBUF)
     MUXF5:S->O           12   0.756   1.041  entrada_0_or00021_f5 (N21)
     LUT4:I1->O           12   0.643   1.104  entrada_2_mux00631 (numSaida_10_OBUF)
     LUT2:I0->O            1   0.648   0.452  entrada_0_mux00639 (entrada_0_mux00639)
     LUT3:I2->O            1   0.648   0.500  entrada_0_mux006319 (entrada_0_mux006319)
     LUT3:I1->O           16   0.643   1.114  entrada_0_mux006333 (numSaida_8_OBUF)
     LUT4:I1->O            9   0.643   0.963  numSaida<13>1 (numSaida_13_OBUF)
     LUT3:I0->O           18   0.648   1.211  entradaAux_not000121 (entradaAux_and0000)
     LUT4:I0->O            1   0.648   0.000  entrada_3_mux00631 (entrada_3_mux0063)
     MUXF5:I1->O          23   0.276   1.345  entrada_3_mux0063_f5 (numSaida_11_OBUF)
     LUT4:I0->O            8   0.648   0.757  entrada_6_mux00751 (numSaida_14_OBUF)
     OBUF:I->O                 4.520          numSaida_62_OBUF (numSaida<62>)
    ----------------------------------------
    Total                     23.523ns (12.866ns logic, 10.657ns route)
                                       (54.7% logic, 45.3% route)

=========================================================================


Total REAL time to Xst completion: 5.00 secs
Total CPU time to Xst completion: 4.31 secs
 
--> 


Total memory usage is 503264 kilobytes

Number of errors   :    0 (   0 filtered)
Number of warnings :   10 (   0 filtered)
Number of infos    :    2 (   0 filtered)

