--------------------------------------------------------------------------------
Release 14.7 Trace  (lin64)
Copyright (c) 1995-2013 Xilinx, Inc.  All rights reserved.

/opt/Xilinx/14.7/ISE_DS/ISE/bin/lin64/unwrapped/trce -intstyle ise -v 3 -s 4 -n
3 -fastpaths -xml Soma4Alg.twx Soma4Alg.ncd -o Soma4Alg.twr Soma4Alg.pcf

Design file:              Soma4Alg.ncd
Physical constraint file: Soma4Alg.pcf
Device,package,speed:     xc3s700an,fgg484,-4 (PRODUCTION 1.42 2013-10-13)
Report level:             verbose report

Environment Variable      Effect 
--------------------      ------ 
NONE                      No environment variables were set
--------------------------------------------------------------------------------

INFO:Timing:2698 - No timing constraints found, doing default enumeration.
INFO:Timing:3412 - To improve timing, see the Timing Closure User Guide (UG612).
INFO:Timing:2752 - To get complete path coverage, use the unconstrained paths 
   option. All paths that are not constrained will be reported in the 
   unconstrained paths section(s) of the report.
INFO:Timing:3339 - The clock-to-out numbers in this timing report are based on 
   a 50 Ohm transmission line loading model.  For the details of this model, 
   and for more information on accounting for different loading conditions, 
   please see the device datasheet.
INFO:Timing:3390 - This architecture does not support a default System Jitter 
   value, please add SYSTEM_JITTER constraint to the UCF to modify the Clock 
   Uncertainty calculation.
INFO:Timing:3389 - This architecture does not support 'Discrete Jitter' and 
   'Phase Error' calculations, these terms will be zero in the Clock 
   Uncertainty calculation.  Please make appropriate modification to 
   SYSTEM_JITTER to account for the unsupported Discrete Jitter and Phase 
   Error.



Data Sheet report:
-----------------
All values displayed in nanoseconds (ns)

Pad to Pad
---------------+----------------+---------+
Source Pad     |Destination Pad |  Delay  |
---------------+----------------+---------+
carryIn<0>     |carryOutSaida<0>|    9.282|
carryIn<0>     |result<0>       |    7.751|
carryIn<0>     |result<1>       |    9.307|
carryIn<0>     |result<2>       |    9.369|
carryIn<0>     |result<3>       |    9.791|
numA<0>        |carryOutSaida<0>|    9.593|
numA<0>        |result<0>       |    7.462|
numA<0>        |result<1>       |    9.618|
numA<0>        |result<2>       |    9.680|
numA<0>        |result<3>       |   10.102|
numA<1>        |carryOutSaida<0>|    9.846|
numA<1>        |result<1>       |    9.871|
numA<1>        |result<2>       |    9.933|
numA<1>        |result<3>       |   10.355|
numA<2>        |carryOutSaida<0>|    9.670|
numA<2>        |result<1>       |    9.695|
numA<2>        |result<2>       |    9.757|
numA<2>        |result<3>       |   10.179|
numA<3>        |carryOutSaida<0>|    9.992|
numA<3>        |result<1>       |   10.017|
numA<3>        |result<2>       |   10.079|
numA<3>        |result<3>       |   10.501|
numA<4>        |carryOutSaida<0>|    9.214|
numA<4>        |result<1>       |    9.239|
numA<4>        |result<2>       |    9.301|
numA<4>        |result<3>       |    9.723|
numB<0>        |carryOutSaida<0>|    9.968|
numB<0>        |result<0>       |    7.837|
numB<0>        |result<1>       |    9.993|
numB<0>        |result<2>       |   10.055|
numB<0>        |result<3>       |   10.477|
numB<1>        |carryOutSaida<0>|   10.012|
numB<1>        |result<1>       |   10.037|
numB<1>        |result<2>       |   10.099|
numB<1>        |result<3>       |   10.521|
numB<2>        |carryOutSaida<0>|    9.610|
numB<2>        |result<1>       |    9.635|
numB<2>        |result<2>       |    9.697|
numB<2>        |result<3>       |   10.119|
numB<3>        |carryOutSaida<0>|    9.619|
numB<3>        |result<1>       |    9.644|
numB<3>        |result<2>       |    9.706|
numB<3>        |result<3>       |   10.128|
numB<4>        |carryOutSaida<0>|    8.721|
numB<4>        |result<1>       |    8.746|
numB<4>        |result<2>       |    8.808|
numB<4>        |result<3>       |    9.230|
---------------+----------------+---------+


Analysis completed Thu Nov 29 17:27:19 2018 
--------------------------------------------------------------------------------

Trace Settings:
-------------------------
Trace Settings 

Peak Memory Usage: 365 MB



