--------------------------------------------------------------------------------
Release 14.7 Trace  (lin64)
Copyright (c) 1995-2013 Xilinx, Inc.  All rights reserved.

/opt/Xilinx/14.7/ISE_DS/ISE/bin/lin64/unwrapped/trce -intstyle ise -v 3 -s 4 -n
3 -fastpaths -xml Somador.twx Somador.ncd -o Somador.twr Somador.pcf

Design file:              Somador.ncd
Physical constraint file: Somador.pcf
Device,package,speed:     xc3s700an,fgg484,-4 (PRODUCTION 1.42 2013-10-13)
Report level:             verbose report

Environment Variable      Effect 
--------------------      ------ 
NONE                      No environment variables were set
--------------------------------------------------------------------------------

INFO:Timing:2698 - No timing constraints found, doing default enumeration.
INFO:Timing:3412 - To improve timing, see the Timing Closure User Guide (UG612).
INFO:Timing:2752 - To get complete path coverage, use the unconstrained paths 
   option. All paths that are not constrained will be reported in the 
   unconstrained paths section(s) of the report.
INFO:Timing:3339 - The clock-to-out numbers in this timing report are based on 
   a 50 Ohm transmission line loading model.  For the details of this model, 
   and for more information on accounting for different loading conditions, 
   please see the device datasheet.
INFO:Timing:3390 - This architecture does not support a default System Jitter 
   value, please add SYSTEM_JITTER constraint to the UCF to modify the Clock 
   Uncertainty calculation.
INFO:Timing:3389 - This architecture does not support 'Discrete Jitter' and 
   'Phase Error' calculations, these terms will be zero in the Clock 
   Uncertainty calculation.  Please make appropriate modification to 
   SYSTEM_JITTER to account for the unsupported Discrete Jitter and Phase 
   Error.



Data Sheet report:
-----------------
All values displayed in nanoseconds (ns)

Pad to Pad
---------------+---------------+---------+
Source Pad     |Destination Pad|  Delay  |
---------------+---------------+---------+
numA<0>        |result<0>      |   11.024|
numA<0>        |result<1>      |   11.818|
numA<0>        |result<2>      |   10.307|
numA<0>        |result<3>      |   12.368|
numA<0>        |result<4>      |   11.918|
numA<0>        |result<5>      |   10.899|
numA<0>        |result<6>      |   10.565|
numA<0>        |result<7>      |   10.546|
numA<0>        |result<8>      |   10.906|
numA<0>        |result<9>      |   11.184|
numA<0>        |result<10>     |   12.281|
numA<0>        |result<11>     |   12.158|
numA<0>        |result<12>     |   11.222|
numA<0>        |result<13>     |   11.447|
numA<0>        |result<14>     |   12.276|
numA<0>        |result<15>     |   12.341|
numA<0>        |result<16>     |   12.350|
numA<0>        |result<17>     |   12.201|
numA<0>        |result<18>     |   12.137|
numA<0>        |result<19>     |   11.868|
numA<0>        |result<20>     |   12.334|
numA<0>        |result<21>     |   12.859|
numA<0>        |result<22>     |   11.870|
numA<0>        |result<23>     |   12.315|
numA<0>        |result<24>     |   12.264|
numA<0>        |result<25>     |   12.571|
numA<0>        |result<26>     |   12.150|
numA<0>        |result<27>     |   12.319|
numA<0>        |result<28>     |   12.728|
numA<0>        |result<29>     |   12.504|
numA<0>        |result<30>     |   11.846|
numA<0>        |result<31>     |   12.068|
numA<1>        |result<1>      |   11.410|
numA<1>        |result<2>      |   10.367|
numA<1>        |result<3>      |   12.428|
numA<1>        |result<4>      |   11.978|
numA<1>        |result<5>      |   10.959|
numA<1>        |result<6>      |   10.625|
numA<1>        |result<7>      |   10.606|
numA<1>        |result<8>      |   10.966|
numA<1>        |result<9>      |   11.244|
numA<1>        |result<10>     |   12.341|
numA<1>        |result<11>     |   12.218|
numA<1>        |result<12>     |   11.282|
numA<1>        |result<13>     |   11.507|
numA<1>        |result<14>     |   12.336|
numA<1>        |result<15>     |   12.401|
numA<1>        |result<16>     |   12.410|
numA<1>        |result<17>     |   12.261|
numA<1>        |result<18>     |   12.197|
numA<1>        |result<19>     |   11.928|
numA<1>        |result<20>     |   12.394|
numA<1>        |result<21>     |   12.919|
numA<1>        |result<22>     |   11.930|
numA<1>        |result<23>     |   12.375|
numA<1>        |result<24>     |   12.324|
numA<1>        |result<25>     |   12.631|
numA<1>        |result<26>     |   12.210|
numA<1>        |result<27>     |   12.379|
numA<1>        |result<28>     |   12.788|
numA<1>        |result<29>     |   12.564|
numA<1>        |result<30>     |   11.906|
numA<1>        |result<31>     |   12.128|
numA<2>        |result<2>      |    9.012|
numA<2>        |result<3>      |   11.547|
numA<2>        |result<4>      |   11.173|
numA<2>        |result<5>      |   10.154|
numA<2>        |result<6>      |    9.820|
numA<2>        |result<7>      |    9.801|
numA<2>        |result<8>      |   10.161|
numA<2>        |result<9>      |   10.439|
numA<2>        |result<10>     |   11.536|
numA<2>        |result<11>     |   11.413|
numA<2>        |result<12>     |   10.477|
numA<2>        |result<13>     |   10.702|
numA<2>        |result<14>     |   11.531|
numA<2>        |result<15>     |   11.596|
numA<2>        |result<16>     |   11.605|
numA<2>        |result<17>     |   11.456|
numA<2>        |result<18>     |   11.392|
numA<2>        |result<19>     |   11.123|
numA<2>        |result<20>     |   11.589|
numA<2>        |result<21>     |   12.114|
numA<2>        |result<22>     |   11.125|
numA<2>        |result<23>     |   11.570|
numA<2>        |result<24>     |   11.519|
numA<2>        |result<25>     |   11.826|
numA<2>        |result<26>     |   11.405|
numA<2>        |result<27>     |   11.574|
numA<2>        |result<28>     |   11.983|
numA<2>        |result<29>     |   11.759|
numA<2>        |result<30>     |   11.101|
numA<2>        |result<31>     |   11.323|
numA<3>        |result<3>      |   10.371|
numA<3>        |result<4>      |   10.465|
numA<3>        |result<5>      |    9.446|
numA<3>        |result<6>      |    9.112|
numA<3>        |result<7>      |    9.093|
numA<3>        |result<8>      |    9.453|
numA<3>        |result<9>      |    9.731|
numA<3>        |result<10>     |   10.828|
numA<3>        |result<11>     |   10.705|
numA<3>        |result<12>     |    9.769|
numA<3>        |result<13>     |    9.994|
numA<3>        |result<14>     |   10.823|
numA<3>        |result<15>     |   10.888|
numA<3>        |result<16>     |   10.897|
numA<3>        |result<17>     |   10.748|
numA<3>        |result<18>     |   10.684|
numA<3>        |result<19>     |   10.415|
numA<3>        |result<20>     |   10.881|
numA<3>        |result<21>     |   11.406|
numA<3>        |result<22>     |   10.417|
numA<3>        |result<23>     |   10.862|
numA<3>        |result<24>     |   10.811|
numA<3>        |result<25>     |   11.118|
numA<3>        |result<26>     |   10.697|
numA<3>        |result<27>     |   10.866|
numA<3>        |result<28>     |   11.275|
numA<3>        |result<29>     |   11.051|
numA<3>        |result<30>     |   10.393|
numA<3>        |result<31>     |   10.615|
numA<4>        |result<4>      |    9.921|
numA<4>        |result<5>      |    9.376|
numA<4>        |result<6>      |    9.118|
numA<4>        |result<7>      |    9.099|
numA<4>        |result<8>      |    9.459|
numA<4>        |result<9>      |    9.737|
numA<4>        |result<10>     |   10.834|
numA<4>        |result<11>     |   10.711|
numA<4>        |result<12>     |    9.775|
numA<4>        |result<13>     |   10.000|
numA<4>        |result<14>     |   10.829|
numA<4>        |result<15>     |   10.894|
numA<4>        |result<16>     |   10.903|
numA<4>        |result<17>     |   10.754|
numA<4>        |result<18>     |   10.690|
numA<4>        |result<19>     |   10.421|
numA<4>        |result<20>     |   10.887|
numA<4>        |result<21>     |   11.412|
numA<4>        |result<22>     |   10.423|
numA<4>        |result<23>     |   10.868|
numA<4>        |result<24>     |   10.817|
numA<4>        |result<25>     |   11.124|
numA<4>        |result<26>     |   10.703|
numA<4>        |result<27>     |   10.872|
numA<4>        |result<28>     |   11.281|
numA<4>        |result<29>     |   11.057|
numA<4>        |result<30>     |   10.399|
numA<4>        |result<31>     |   10.621|
numA<5>        |result<5>      |    8.228|
numA<5>        |result<6>      |    8.438|
numA<5>        |result<7>      |    8.419|
numA<5>        |result<8>      |    8.779|
numA<5>        |result<9>      |    9.057|
numA<5>        |result<10>     |   10.154|
numA<5>        |result<11>     |   10.031|
numA<5>        |result<12>     |    9.095|
numA<5>        |result<13>     |    9.320|
numA<5>        |result<14>     |   10.149|
numA<5>        |result<15>     |   10.214|
numA<5>        |result<16>     |   10.223|
numA<5>        |result<17>     |   10.074|
numA<5>        |result<18>     |   10.010|
numA<5>        |result<19>     |    9.741|
numA<5>        |result<20>     |   10.207|
numA<5>        |result<21>     |   10.732|
numA<5>        |result<22>     |    9.743|
numA<5>        |result<23>     |   10.188|
numA<5>        |result<24>     |   10.137|
numA<5>        |result<25>     |   10.444|
numA<5>        |result<26>     |   10.023|
numA<5>        |result<27>     |   10.192|
numA<5>        |result<28>     |   10.601|
numA<5>        |result<29>     |   10.377|
numA<5>        |result<30>     |    9.719|
numA<5>        |result<31>     |    9.941|
numA<6>        |result<6>      |    8.024|
numA<6>        |result<7>      |    8.479|
numA<6>        |result<8>      |    8.915|
numA<6>        |result<9>      |    9.193|
numA<6>        |result<10>     |   10.290|
numA<6>        |result<11>     |   10.167|
numA<6>        |result<12>     |    9.231|
numA<6>        |result<13>     |    9.456|
numA<6>        |result<14>     |   10.285|
numA<6>        |result<15>     |   10.350|
numA<6>        |result<16>     |   10.359|
numA<6>        |result<17>     |   10.210|
numA<6>        |result<18>     |   10.146|
numA<6>        |result<19>     |    9.877|
numA<6>        |result<20>     |   10.343|
numA<6>        |result<21>     |   10.868|
numA<6>        |result<22>     |    9.879|
numA<6>        |result<23>     |   10.324|
numA<6>        |result<24>     |   10.273|
numA<6>        |result<25>     |   10.580|
numA<6>        |result<26>     |   10.159|
numA<6>        |result<27>     |   10.328|
numA<6>        |result<28>     |   10.737|
numA<6>        |result<29>     |   10.513|
numA<6>        |result<30>     |    9.855|
numA<6>        |result<31>     |   10.077|
numA<7>        |result<7>      |    8.006|
numA<7>        |result<8>      |    8.910|
numA<7>        |result<9>      |    9.188|
numA<7>        |result<10>     |   10.285|
numA<7>        |result<11>     |   10.162|
numA<7>        |result<12>     |    9.226|
numA<7>        |result<13>     |    9.451|
numA<7>        |result<14>     |   10.280|
numA<7>        |result<15>     |   10.345|
numA<7>        |result<16>     |   10.354|
numA<7>        |result<17>     |   10.205|
numA<7>        |result<18>     |   10.141|
numA<7>        |result<19>     |    9.872|
numA<7>        |result<20>     |   10.338|
numA<7>        |result<21>     |   10.863|
numA<7>        |result<22>     |    9.874|
numA<7>        |result<23>     |   10.319|
numA<7>        |result<24>     |   10.268|
numA<7>        |result<25>     |   10.575|
numA<7>        |result<26>     |   10.154|
numA<7>        |result<27>     |   10.323|
numA<7>        |result<28>     |   10.732|
numA<7>        |result<29>     |   10.508|
numA<7>        |result<30>     |    9.850|
numA<7>        |result<31>     |   10.072|
numA<8>        |result<8>      |    8.129|
numA<8>        |result<9>      |    8.881|
numA<8>        |result<10>     |   10.054|
numA<8>        |result<11>     |    9.931|
numA<8>        |result<12>     |    8.995|
numA<8>        |result<13>     |    9.220|
numA<8>        |result<14>     |   10.049|
numA<8>        |result<15>     |   10.114|
numA<8>        |result<16>     |   10.123|
numA<8>        |result<17>     |    9.974|
numA<8>        |result<18>     |    9.910|
numA<8>        |result<19>     |    9.641|
numA<8>        |result<20>     |   10.107|
numA<8>        |result<21>     |   10.632|
numA<8>        |result<22>     |    9.643|
numA<8>        |result<23>     |   10.088|
numA<8>        |result<24>     |   10.037|
numA<8>        |result<25>     |   10.344|
numA<8>        |result<26>     |    9.923|
numA<8>        |result<27>     |   10.092|
numA<8>        |result<28>     |   10.501|
numA<8>        |result<29>     |   10.277|
numA<8>        |result<30>     |    9.619|
numA<8>        |result<31>     |    9.841|
numA<9>        |result<9>      |    8.139|
numA<9>        |result<10>     |    9.780|
numA<9>        |result<11>     |    9.657|
numA<9>        |result<12>     |    8.721|
numA<9>        |result<13>     |    8.946|
numA<9>        |result<14>     |    9.775|
numA<9>        |result<15>     |    9.840|
numA<9>        |result<16>     |    9.849|
numA<9>        |result<17>     |    9.700|
numA<9>        |result<18>     |    9.636|
numA<9>        |result<19>     |    9.367|
numA<9>        |result<20>     |    9.833|
numA<9>        |result<21>     |   10.358|
numA<9>        |result<22>     |    9.369|
numA<9>        |result<23>     |    9.814|
numA<9>        |result<24>     |    9.763|
numA<9>        |result<25>     |   10.070|
numA<9>        |result<26>     |    9.649|
numA<9>        |result<27>     |    9.818|
numA<9>        |result<28>     |   10.227|
numA<9>        |result<29>     |   10.003|
numA<9>        |result<30>     |    9.345|
numA<9>        |result<31>     |    9.567|
numA<10>       |result<10>     |    9.046|
numA<10>       |result<11>     |    9.397|
numA<10>       |result<12>     |    8.537|
numA<10>       |result<13>     |    8.762|
numA<10>       |result<14>     |    9.591|
numA<10>       |result<15>     |    9.656|
numA<10>       |result<16>     |    9.665|
numA<10>       |result<17>     |    9.516|
numA<10>       |result<18>     |    9.452|
numA<10>       |result<19>     |    9.183|
numA<10>       |result<20>     |    9.649|
numA<10>       |result<21>     |   10.174|
numA<10>       |result<22>     |    9.185|
numA<10>       |result<23>     |    9.630|
numA<10>       |result<24>     |    9.579|
numA<10>       |result<25>     |    9.886|
numA<10>       |result<26>     |    9.465|
numA<10>       |result<27>     |    9.634|
numA<10>       |result<28>     |   10.043|
numA<10>       |result<29>     |    9.819|
numA<10>       |result<30>     |    9.161|
numA<10>       |result<31>     |    9.383|
numA<11>       |result<11>     |    8.456|
numA<11>       |result<12>     |    8.064|
numA<11>       |result<13>     |    8.289|
numA<11>       |result<14>     |    9.118|
numA<11>       |result<15>     |    9.183|
numA<11>       |result<16>     |    9.192|
numA<11>       |result<17>     |    9.043|
numA<11>       |result<18>     |    8.979|
numA<11>       |result<19>     |    8.710|
numA<11>       |result<20>     |    9.176|
numA<11>       |result<21>     |    9.701|
numA<11>       |result<22>     |    8.712|
numA<11>       |result<23>     |    9.157|
numA<11>       |result<24>     |    9.106|
numA<11>       |result<25>     |    9.413|
numA<11>       |result<26>     |    8.992|
numA<11>       |result<27>     |    9.161|
numA<11>       |result<28>     |    9.570|
numA<11>       |result<29>     |    9.346|
numA<11>       |result<30>     |    8.688|
numA<11>       |result<31>     |    8.910|
numA<12>       |result<12>     |    7.881|
numA<12>       |result<13>     |    8.580|
numA<12>       |result<14>     |    9.485|
numA<12>       |result<15>     |    9.550|
numA<12>       |result<16>     |    9.559|
numA<12>       |result<17>     |    9.410|
numA<12>       |result<18>     |    9.346|
numA<12>       |result<19>     |    9.077|
numA<12>       |result<20>     |    9.543|
numA<12>       |result<21>     |   10.068|
numA<12>       |result<22>     |    9.079|
numA<12>       |result<23>     |    9.524|
numA<12>       |result<24>     |    9.473|
numA<12>       |result<25>     |    9.780|
numA<12>       |result<26>     |    9.359|
numA<12>       |result<27>     |    9.528|
numA<12>       |result<28>     |    9.937|
numA<12>       |result<29>     |    9.713|
numA<12>       |result<30>     |    9.055|
numA<12>       |result<31>     |    9.277|
numA<13>       |result<13>     |   10.405|
numA<13>       |result<14>     |   11.778|
numA<13>       |result<15>     |   11.843|
numA<13>       |result<16>     |   11.852|
numA<13>       |result<17>     |   11.703|
numA<13>       |result<18>     |   11.639|
numA<13>       |result<19>     |   11.370|
numA<13>       |result<20>     |   11.836|
numA<13>       |result<21>     |   12.361|
numA<13>       |result<22>     |   11.372|
numA<13>       |result<23>     |   11.817|
numA<13>       |result<24>     |   11.766|
numA<13>       |result<25>     |   12.073|
numA<13>       |result<26>     |   11.652|
numA<13>       |result<27>     |   11.821|
numA<13>       |result<28>     |   12.230|
numA<13>       |result<29>     |   12.006|
numA<13>       |result<30>     |   11.348|
numA<13>       |result<31>     |   11.570|
numA<14>       |result<14>     |    8.327|
numA<14>       |result<15>     |    8.866|
numA<14>       |result<16>     |    8.951|
numA<14>       |result<17>     |    8.802|
numA<14>       |result<18>     |    8.738|
numA<14>       |result<19>     |    8.469|
numA<14>       |result<20>     |    8.935|
numA<14>       |result<21>     |    9.460|
numA<14>       |result<22>     |    8.471|
numA<14>       |result<23>     |    8.916|
numA<14>       |result<24>     |    8.865|
numA<14>       |result<25>     |    9.172|
numA<14>       |result<26>     |    8.751|
numA<14>       |result<27>     |    8.920|
numA<14>       |result<28>     |    9.329|
numA<14>       |result<29>     |    9.105|
numA<14>       |result<30>     |    8.447|
numA<14>       |result<31>     |    8.669|
numA<15>       |result<15>     |    8.379|
numA<15>       |result<16>     |    8.932|
numA<15>       |result<17>     |    8.783|
numA<15>       |result<18>     |    8.719|
numA<15>       |result<19>     |    8.450|
numA<15>       |result<20>     |    8.916|
numA<15>       |result<21>     |    9.441|
numA<15>       |result<22>     |    8.452|
numA<15>       |result<23>     |    8.897|
numA<15>       |result<24>     |    8.846|
numA<15>       |result<25>     |    9.153|
numA<15>       |result<26>     |    8.732|
numA<15>       |result<27>     |    8.901|
numA<15>       |result<28>     |    9.310|
numA<15>       |result<29>     |    9.086|
numA<15>       |result<30>     |    8.428|
numA<15>       |result<31>     |    8.650|
numA<16>       |result<16>     |    8.271|
numA<16>       |result<17>     |    8.596|
numA<16>       |result<18>     |    8.608|
numA<16>       |result<19>     |    8.339|
numA<16>       |result<20>     |    8.805|
numA<16>       |result<21>     |    9.330|
numA<16>       |result<22>     |    8.341|
numA<16>       |result<23>     |    8.786|
numA<16>       |result<24>     |    8.735|
numA<16>       |result<25>     |    9.042|
numA<16>       |result<26>     |    8.621|
numA<16>       |result<27>     |    8.790|
numA<16>       |result<28>     |    9.199|
numA<16>       |result<29>     |    8.975|
numA<16>       |result<30>     |    8.317|
numA<16>       |result<31>     |    8.539|
numA<17>       |result<17>     |    9.794|
numA<17>       |result<18>     |   10.274|
numA<17>       |result<19>     |   10.005|
numA<17>       |result<20>     |   10.471|
numA<17>       |result<21>     |   10.996|
numA<17>       |result<22>     |   10.007|
numA<17>       |result<23>     |   10.452|
numA<17>       |result<24>     |   10.401|
numA<17>       |result<25>     |   10.708|
numA<17>       |result<26>     |   10.287|
numA<17>       |result<27>     |   10.456|
numA<17>       |result<28>     |   10.865|
numA<17>       |result<29>     |   10.641|
numA<17>       |result<30>     |    9.983|
numA<17>       |result<31>     |   10.205|
numA<18>       |result<18>     |    7.866|
numA<18>       |result<19>     |    8.071|
numA<18>       |result<20>     |    8.613|
numA<18>       |result<21>     |    9.138|
numA<18>       |result<22>     |    8.149|
numA<18>       |result<23>     |    8.594|
numA<18>       |result<24>     |    8.543|
numA<18>       |result<25>     |    8.850|
numA<18>       |result<26>     |    8.429|
numA<18>       |result<27>     |    8.598|
numA<18>       |result<28>     |    9.007|
numA<18>       |result<29>     |    8.783|
numA<18>       |result<30>     |    8.125|
numA<18>       |result<31>     |    8.347|
numA<19>       |result<19>     |    9.145|
numA<19>       |result<20>     |   10.155|
numA<19>       |result<21>     |   10.680|
numA<19>       |result<22>     |    9.691|
numA<19>       |result<23>     |   10.136|
numA<19>       |result<24>     |   10.085|
numA<19>       |result<25>     |   10.392|
numA<19>       |result<26>     |    9.971|
numA<19>       |result<27>     |   10.140|
numA<19>       |result<28>     |   10.549|
numA<19>       |result<29>     |   10.325|
numA<19>       |result<30>     |    9.667|
numA<19>       |result<31>     |    9.889|
numA<20>       |result<20>     |    7.950|
numA<20>       |result<21>     |    8.949|
numA<20>       |result<22>     |    8.036|
numA<20>       |result<23>     |    8.481|
numA<20>       |result<24>     |    8.430|
numA<20>       |result<25>     |    8.737|
numA<20>       |result<26>     |    8.316|
numA<20>       |result<27>     |    8.485|
numA<20>       |result<28>     |    8.894|
numA<20>       |result<29>     |    8.670|
numA<20>       |result<30>     |    8.012|
numA<20>       |result<31>     |    8.234|
numA<21>       |result<21>     |    9.014|
numA<21>       |result<22>     |    8.569|
numA<21>       |result<23>     |    9.014|
numA<21>       |result<24>     |    8.963|
numA<21>       |result<25>     |    9.270|
numA<21>       |result<26>     |    8.849|
numA<21>       |result<27>     |    9.018|
numA<21>       |result<28>     |    9.427|
numA<21>       |result<29>     |    9.203|
numA<21>       |result<30>     |    8.545|
numA<21>       |result<31>     |    8.767|
numA<22>       |result<22>     |    7.956|
numA<22>       |result<23>     |    8.875|
numA<22>       |result<24>     |    8.900|
numA<22>       |result<25>     |    9.207|
numA<22>       |result<26>     |    8.786|
numA<22>       |result<27>     |    8.955|
numA<22>       |result<28>     |    9.364|
numA<22>       |result<29>     |    9.140|
numA<22>       |result<30>     |    8.482|
numA<22>       |result<31>     |    8.704|
numA<23>       |result<23>     |    8.731|
numA<23>       |result<24>     |    9.224|
numA<23>       |result<25>     |    9.531|
numA<23>       |result<26>     |    9.110|
numA<23>       |result<27>     |    9.279|
numA<23>       |result<28>     |    9.688|
numA<23>       |result<29>     |    9.464|
numA<23>       |result<30>     |    8.806|
numA<23>       |result<31>     |    9.028|
numA<24>       |result<24>     |    8.474|
numA<24>       |result<25>     |    9.255|
numA<24>       |result<26>     |    8.910|
numA<24>       |result<27>     |    9.079|
numA<24>       |result<28>     |    9.488|
numA<24>       |result<29>     |    9.264|
numA<24>       |result<30>     |    8.606|
numA<24>       |result<31>     |    8.828|
numA<25>       |result<25>     |    8.797|
numA<25>       |result<26>     |    8.920|
numA<25>       |result<27>     |    9.089|
numA<25>       |result<28>     |    9.498|
numA<25>       |result<29>     |    9.274|
numA<25>       |result<30>     |    8.616|
numA<25>       |result<31>     |    8.838|
numA<26>       |result<26>     |    7.952|
numA<26>       |result<27>     |    8.595|
numA<26>       |result<28>     |    9.080|
numA<26>       |result<29>     |    8.856|
numA<26>       |result<30>     |    8.198|
numA<26>       |result<31>     |    8.420|
numA<27>       |result<27>     |    8.098|
numA<27>       |result<28>     |    9.051|
numA<27>       |result<29>     |    8.827|
numA<27>       |result<30>     |    8.169|
numA<27>       |result<31>     |    8.391|
numA<28>       |result<28>     |    8.415|
numA<28>       |result<29>     |    8.665|
numA<28>       |result<30>     |    8.083|
numA<28>       |result<31>     |    8.305|
numA<29>       |result<29>     |    8.519|
numA<29>       |result<30>     |    8.405|
numA<29>       |result<31>     |    8.627|
numA<30>       |result<30>     |    8.018|
numA<30>       |result<31>     |    8.714|
numA<31>       |result<31>     |    7.169|
numB<0>        |result<0>      |    9.055|
numB<0>        |result<1>      |    9.849|
numB<0>        |result<2>      |    8.338|
numB<0>        |result<3>      |   10.399|
numB<0>        |result<4>      |    9.949|
numB<0>        |result<5>      |    8.930|
numB<0>        |result<6>      |    8.596|
numB<0>        |result<7>      |    8.577|
numB<0>        |result<8>      |    8.937|
numB<0>        |result<9>      |    9.215|
numB<0>        |result<10>     |   10.312|
numB<0>        |result<11>     |   10.189|
numB<0>        |result<12>     |    9.253|
numB<0>        |result<13>     |    9.478|
numB<0>        |result<14>     |   10.307|
numB<0>        |result<15>     |   10.372|
numB<0>        |result<16>     |   10.381|
numB<0>        |result<17>     |   10.232|
numB<0>        |result<18>     |   10.168|
numB<0>        |result<19>     |    9.899|
numB<0>        |result<20>     |   10.365|
numB<0>        |result<21>     |   10.890|
numB<0>        |result<22>     |    9.901|
numB<0>        |result<23>     |   10.346|
numB<0>        |result<24>     |   10.295|
numB<0>        |result<25>     |   10.602|
numB<0>        |result<26>     |   10.181|
numB<0>        |result<27>     |   10.350|
numB<0>        |result<28>     |   10.759|
numB<0>        |result<29>     |   10.535|
numB<0>        |result<30>     |    9.877|
numB<0>        |result<31>     |   10.099|
numB<1>        |result<1>      |    9.355|
numB<1>        |result<2>      |    8.312|
numB<1>        |result<3>      |   10.373|
numB<1>        |result<4>      |    9.923|
numB<1>        |result<5>      |    8.904|
numB<1>        |result<6>      |    8.570|
numB<1>        |result<7>      |    8.551|
numB<1>        |result<8>      |    8.911|
numB<1>        |result<9>      |    9.189|
numB<1>        |result<10>     |   10.286|
numB<1>        |result<11>     |   10.163|
numB<1>        |result<12>     |    9.227|
numB<1>        |result<13>     |    9.452|
numB<1>        |result<14>     |   10.281|
numB<1>        |result<15>     |   10.346|
numB<1>        |result<16>     |   10.355|
numB<1>        |result<17>     |   10.206|
numB<1>        |result<18>     |   10.142|
numB<1>        |result<19>     |    9.873|
numB<1>        |result<20>     |   10.339|
numB<1>        |result<21>     |   10.864|
numB<1>        |result<22>     |    9.875|
numB<1>        |result<23>     |   10.320|
numB<1>        |result<24>     |   10.269|
numB<1>        |result<25>     |   10.576|
numB<1>        |result<26>     |   10.155|
numB<1>        |result<27>     |   10.324|
numB<1>        |result<28>     |   10.733|
numB<1>        |result<29>     |   10.509|
numB<1>        |result<30>     |    9.851|
numB<1>        |result<31>     |   10.073|
numB<2>        |result<2>      |    7.587|
numB<2>        |result<3>      |   10.122|
numB<2>        |result<4>      |    9.748|
numB<2>        |result<5>      |    8.729|
numB<2>        |result<6>      |    8.395|
numB<2>        |result<7>      |    8.376|
numB<2>        |result<8>      |    8.736|
numB<2>        |result<9>      |    9.014|
numB<2>        |result<10>     |   10.111|
numB<2>        |result<11>     |    9.988|
numB<2>        |result<12>     |    9.052|
numB<2>        |result<13>     |    9.277|
numB<2>        |result<14>     |   10.106|
numB<2>        |result<15>     |   10.171|
numB<2>        |result<16>     |   10.180|
numB<2>        |result<17>     |   10.031|
numB<2>        |result<18>     |    9.967|
numB<2>        |result<19>     |    9.698|
numB<2>        |result<20>     |   10.164|
numB<2>        |result<21>     |   10.689|
numB<2>        |result<22>     |    9.700|
numB<2>        |result<23>     |   10.145|
numB<2>        |result<24>     |   10.094|
numB<2>        |result<25>     |   10.401|
numB<2>        |result<26>     |    9.980|
numB<2>        |result<27>     |   10.149|
numB<2>        |result<28>     |   10.558|
numB<2>        |result<29>     |   10.334|
numB<2>        |result<30>     |    9.676|
numB<2>        |result<31>     |    9.898|
numB<3>        |result<3>      |    9.670|
numB<3>        |result<4>      |    9.764|
numB<3>        |result<5>      |    8.745|
numB<3>        |result<6>      |    8.411|
numB<3>        |result<7>      |    8.392|
numB<3>        |result<8>      |    8.752|
numB<3>        |result<9>      |    9.030|
numB<3>        |result<10>     |   10.127|
numB<3>        |result<11>     |   10.004|
numB<3>        |result<12>     |    9.068|
numB<3>        |result<13>     |    9.293|
numB<3>        |result<14>     |   10.122|
numB<3>        |result<15>     |   10.187|
numB<3>        |result<16>     |   10.196|
numB<3>        |result<17>     |   10.047|
numB<3>        |result<18>     |    9.983|
numB<3>        |result<19>     |    9.714|
numB<3>        |result<20>     |   10.180|
numB<3>        |result<21>     |   10.705|
numB<3>        |result<22>     |    9.716|
numB<3>        |result<23>     |   10.161|
numB<3>        |result<24>     |   10.110|
numB<3>        |result<25>     |   10.417|
numB<3>        |result<26>     |    9.996|
numB<3>        |result<27>     |   10.165|
numB<3>        |result<28>     |   10.574|
numB<3>        |result<29>     |   10.350|
numB<3>        |result<30>     |    9.692|
numB<3>        |result<31>     |    9.914|
numB<4>        |result<4>      |    9.035|
numB<4>        |result<5>      |    8.490|
numB<4>        |result<6>      |    8.232|
numB<4>        |result<7>      |    8.213|
numB<4>        |result<8>      |    8.573|
numB<4>        |result<9>      |    8.851|
numB<4>        |result<10>     |    9.948|
numB<4>        |result<11>     |    9.825|
numB<4>        |result<12>     |    8.889|
numB<4>        |result<13>     |    9.114|
numB<4>        |result<14>     |    9.943|
numB<4>        |result<15>     |   10.008|
numB<4>        |result<16>     |   10.017|
numB<4>        |result<17>     |    9.868|
numB<4>        |result<18>     |    9.804|
numB<4>        |result<19>     |    9.535|
numB<4>        |result<20>     |   10.001|
numB<4>        |result<21>     |   10.526|
numB<4>        |result<22>     |    9.537|
numB<4>        |result<23>     |    9.982|
numB<4>        |result<24>     |    9.931|
numB<4>        |result<25>     |   10.238|
numB<4>        |result<26>     |    9.817|
numB<4>        |result<27>     |    9.986|
numB<4>        |result<28>     |   10.395|
numB<4>        |result<29>     |   10.171|
numB<4>        |result<30>     |    9.513|
numB<4>        |result<31>     |    9.735|
numB<5>        |result<5>      |    8.125|
numB<5>        |result<6>      |    8.335|
numB<5>        |result<7>      |    8.316|
numB<5>        |result<8>      |    8.676|
numB<5>        |result<9>      |    8.954|
numB<5>        |result<10>     |   10.051|
numB<5>        |result<11>     |    9.928|
numB<5>        |result<12>     |    8.992|
numB<5>        |result<13>     |    9.217|
numB<5>        |result<14>     |   10.046|
numB<5>        |result<15>     |   10.111|
numB<5>        |result<16>     |   10.120|
numB<5>        |result<17>     |    9.971|
numB<5>        |result<18>     |    9.907|
numB<5>        |result<19>     |    9.638|
numB<5>        |result<20>     |   10.104|
numB<5>        |result<21>     |   10.629|
numB<5>        |result<22>     |    9.640|
numB<5>        |result<23>     |   10.085|
numB<5>        |result<24>     |   10.034|
numB<5>        |result<25>     |   10.341|
numB<5>        |result<26>     |    9.920|
numB<5>        |result<27>     |   10.089|
numB<5>        |result<28>     |   10.498|
numB<5>        |result<29>     |   10.274|
numB<5>        |result<30>     |    9.616|
numB<5>        |result<31>     |    9.838|
numB<6>        |result<6>      |    7.623|
numB<6>        |result<7>      |    8.078|
numB<6>        |result<8>      |    8.514|
numB<6>        |result<9>      |    8.792|
numB<6>        |result<10>     |    9.889|
numB<6>        |result<11>     |    9.766|
numB<6>        |result<12>     |    8.830|
numB<6>        |result<13>     |    9.055|
numB<6>        |result<14>     |    9.884|
numB<6>        |result<15>     |    9.949|
numB<6>        |result<16>     |    9.958|
numB<6>        |result<17>     |    9.809|
numB<6>        |result<18>     |    9.745|
numB<6>        |result<19>     |    9.476|
numB<6>        |result<20>     |    9.942|
numB<6>        |result<21>     |   10.467|
numB<6>        |result<22>     |    9.478|
numB<6>        |result<23>     |    9.923|
numB<6>        |result<24>     |    9.872|
numB<6>        |result<25>     |   10.179|
numB<6>        |result<26>     |    9.758|
numB<6>        |result<27>     |    9.927|
numB<6>        |result<28>     |   10.336|
numB<6>        |result<29>     |   10.112|
numB<6>        |result<30>     |    9.454|
numB<6>        |result<31>     |    9.676|
numB<7>        |result<7>      |    8.022|
numB<7>        |result<8>      |    8.926|
numB<7>        |result<9>      |    9.204|
numB<7>        |result<10>     |   10.301|
numB<7>        |result<11>     |   10.178|
numB<7>        |result<12>     |    9.242|
numB<7>        |result<13>     |    9.467|
numB<7>        |result<14>     |   10.296|
numB<7>        |result<15>     |   10.361|
numB<7>        |result<16>     |   10.370|
numB<7>        |result<17>     |   10.221|
numB<7>        |result<18>     |   10.157|
numB<7>        |result<19>     |    9.888|
numB<7>        |result<20>     |   10.354|
numB<7>        |result<21>     |   10.879|
numB<7>        |result<22>     |    9.890|
numB<7>        |result<23>     |   10.335|
numB<7>        |result<24>     |   10.284|
numB<7>        |result<25>     |   10.591|
numB<7>        |result<26>     |   10.170|
numB<7>        |result<27>     |   10.339|
numB<7>        |result<28>     |   10.748|
numB<7>        |result<29>     |   10.524|
numB<7>        |result<30>     |    9.866|
numB<7>        |result<31>     |   10.088|
numB<8>        |result<8>      |    8.225|
numB<8>        |result<9>      |    8.977|
numB<8>        |result<10>     |   10.150|
numB<8>        |result<11>     |   10.027|
numB<8>        |result<12>     |    9.091|
numB<8>        |result<13>     |    9.316|
numB<8>        |result<14>     |   10.145|
numB<8>        |result<15>     |   10.210|
numB<8>        |result<16>     |   10.219|
numB<8>        |result<17>     |   10.070|
numB<8>        |result<18>     |   10.006|
numB<8>        |result<19>     |    9.737|
numB<8>        |result<20>     |   10.203|
numB<8>        |result<21>     |   10.728|
numB<8>        |result<22>     |    9.739|
numB<8>        |result<23>     |   10.184|
numB<8>        |result<24>     |   10.133|
numB<8>        |result<25>     |   10.440|
numB<8>        |result<26>     |   10.019|
numB<8>        |result<27>     |   10.188|
numB<8>        |result<28>     |   10.597|
numB<8>        |result<29>     |   10.373|
numB<8>        |result<30>     |    9.715|
numB<8>        |result<31>     |    9.937|
numB<9>        |result<9>      |    8.590|
numB<9>        |result<10>     |   10.231|
numB<9>        |result<11>     |   10.108|
numB<9>        |result<12>     |    9.172|
numB<9>        |result<13>     |    9.397|
numB<9>        |result<14>     |   10.226|
numB<9>        |result<15>     |   10.291|
numB<9>        |result<16>     |   10.300|
numB<9>        |result<17>     |   10.151|
numB<9>        |result<18>     |   10.087|
numB<9>        |result<19>     |    9.818|
numB<9>        |result<20>     |   10.284|
numB<9>        |result<21>     |   10.809|
numB<9>        |result<22>     |    9.820|
numB<9>        |result<23>     |   10.265|
numB<9>        |result<24>     |   10.214|
numB<9>        |result<25>     |   10.521|
numB<9>        |result<26>     |   10.100|
numB<9>        |result<27>     |   10.269|
numB<9>        |result<28>     |   10.678|
numB<9>        |result<29>     |   10.454|
numB<9>        |result<30>     |    9.796|
numB<9>        |result<31>     |   10.018|
numB<10>       |result<10>     |    9.538|
numB<10>       |result<11>     |    9.889|
numB<10>       |result<12>     |    9.029|
numB<10>       |result<13>     |    9.254|
numB<10>       |result<14>     |   10.083|
numB<10>       |result<15>     |   10.148|
numB<10>       |result<16>     |   10.157|
numB<10>       |result<17>     |   10.008|
numB<10>       |result<18>     |    9.944|
numB<10>       |result<19>     |    9.675|
numB<10>       |result<20>     |   10.141|
numB<10>       |result<21>     |   10.666|
numB<10>       |result<22>     |    9.677|
numB<10>       |result<23>     |   10.122|
numB<10>       |result<24>     |   10.071|
numB<10>       |result<25>     |   10.378|
numB<10>       |result<26>     |    9.957|
numB<10>       |result<27>     |   10.126|
numB<10>       |result<28>     |   10.535|
numB<10>       |result<29>     |   10.311|
numB<10>       |result<30>     |    9.653|
numB<10>       |result<31>     |    9.875|
numB<11>       |result<11>     |    9.378|
numB<11>       |result<12>     |    8.986|
numB<11>       |result<13>     |    9.211|
numB<11>       |result<14>     |   10.040|
numB<11>       |result<15>     |   10.105|
numB<11>       |result<16>     |   10.114|
numB<11>       |result<17>     |    9.965|
numB<11>       |result<18>     |    9.901|
numB<11>       |result<19>     |    9.632|
numB<11>       |result<20>     |   10.098|
numB<11>       |result<21>     |   10.623|
numB<11>       |result<22>     |    9.634|
numB<11>       |result<23>     |   10.079|
numB<11>       |result<24>     |   10.028|
numB<11>       |result<25>     |   10.335|
numB<11>       |result<26>     |    9.914|
numB<11>       |result<27>     |   10.083|
numB<11>       |result<28>     |   10.492|
numB<11>       |result<29>     |   10.268|
numB<11>       |result<30>     |    9.610|
numB<11>       |result<31>     |    9.832|
numB<12>       |result<12>     |    8.146|
numB<12>       |result<13>     |    8.845|
numB<12>       |result<14>     |    9.750|
numB<12>       |result<15>     |    9.815|
numB<12>       |result<16>     |    9.824|
numB<12>       |result<17>     |    9.675|
numB<12>       |result<18>     |    9.611|
numB<12>       |result<19>     |    9.342|
numB<12>       |result<20>     |    9.808|
numB<12>       |result<21>     |   10.333|
numB<12>       |result<22>     |    9.344|
numB<12>       |result<23>     |    9.789|
numB<12>       |result<24>     |    9.738|
numB<12>       |result<25>     |   10.045|
numB<12>       |result<26>     |    9.624|
numB<12>       |result<27>     |    9.793|
numB<12>       |result<28>     |   10.202|
numB<12>       |result<29>     |    9.978|
numB<12>       |result<30>     |    9.320|
numB<12>       |result<31>     |    9.542|
numB<13>       |result<13>     |    8.538|
numB<13>       |result<14>     |    9.911|
numB<13>       |result<15>     |    9.976|
numB<13>       |result<16>     |    9.985|
numB<13>       |result<17>     |    9.836|
numB<13>       |result<18>     |    9.772|
numB<13>       |result<19>     |    9.503|
numB<13>       |result<20>     |    9.969|
numB<13>       |result<21>     |   10.494|
numB<13>       |result<22>     |    9.505|
numB<13>       |result<23>     |    9.950|
numB<13>       |result<24>     |    9.899|
numB<13>       |result<25>     |   10.206|
numB<13>       |result<26>     |    9.785|
numB<13>       |result<27>     |    9.954|
numB<13>       |result<28>     |   10.363|
numB<13>       |result<29>     |   10.139|
numB<13>       |result<30>     |    9.481|
numB<13>       |result<31>     |    9.703|
numB<14>       |result<14>     |    9.141|
numB<14>       |result<15>     |    9.680|
numB<14>       |result<16>     |    9.765|
numB<14>       |result<17>     |    9.616|
numB<14>       |result<18>     |    9.552|
numB<14>       |result<19>     |    9.283|
numB<14>       |result<20>     |    9.749|
numB<14>       |result<21>     |   10.274|
numB<14>       |result<22>     |    9.285|
numB<14>       |result<23>     |    9.730|
numB<14>       |result<24>     |    9.679|
numB<14>       |result<25>     |    9.986|
numB<14>       |result<26>     |    9.565|
numB<14>       |result<27>     |    9.734|
numB<14>       |result<28>     |   10.143|
numB<14>       |result<29>     |    9.919|
numB<14>       |result<30>     |    9.261|
numB<14>       |result<31>     |    9.483|
numB<15>       |result<15>     |    9.565|
numB<15>       |result<16>     |   10.118|
numB<15>       |result<17>     |    9.969|
numB<15>       |result<18>     |    9.905|
numB<15>       |result<19>     |    9.636|
numB<15>       |result<20>     |   10.102|
numB<15>       |result<21>     |   10.627|
numB<15>       |result<22>     |    9.638|
numB<15>       |result<23>     |   10.083|
numB<15>       |result<24>     |   10.032|
numB<15>       |result<25>     |   10.339|
numB<15>       |result<26>     |    9.918|
numB<15>       |result<27>     |   10.087|
numB<15>       |result<28>     |   10.496|
numB<15>       |result<29>     |   10.272|
numB<15>       |result<30>     |    9.614|
numB<15>       |result<31>     |    9.836|
numB<16>       |result<16>     |    9.737|
numB<16>       |result<17>     |   10.062|
numB<16>       |result<18>     |   10.074|
numB<16>       |result<19>     |    9.805|
numB<16>       |result<20>     |   10.271|
numB<16>       |result<21>     |   10.796|
numB<16>       |result<22>     |    9.807|
numB<16>       |result<23>     |   10.252|
numB<16>       |result<24>     |   10.201|
numB<16>       |result<25>     |   10.508|
numB<16>       |result<26>     |   10.087|
numB<16>       |result<27>     |   10.256|
numB<16>       |result<28>     |   10.665|
numB<16>       |result<29>     |   10.441|
numB<16>       |result<30>     |    9.783|
numB<16>       |result<31>     |   10.005|
numB<17>       |result<17>     |    9.940|
numB<17>       |result<18>     |   10.420|
numB<17>       |result<19>     |   10.151|
numB<17>       |result<20>     |   10.617|
numB<17>       |result<21>     |   11.142|
numB<17>       |result<22>     |   10.153|
numB<17>       |result<23>     |   10.598|
numB<17>       |result<24>     |   10.547|
numB<17>       |result<25>     |   10.854|
numB<17>       |result<26>     |   10.433|
numB<17>       |result<27>     |   10.602|
numB<17>       |result<28>     |   11.011|
numB<17>       |result<29>     |   10.787|
numB<17>       |result<30>     |   10.129|
numB<17>       |result<31>     |   10.351|
numB<18>       |result<18>     |    9.798|
numB<18>       |result<19>     |   10.003|
numB<18>       |result<20>     |   10.545|
numB<18>       |result<21>     |   11.070|
numB<18>       |result<22>     |   10.081|
numB<18>       |result<23>     |   10.526|
numB<18>       |result<24>     |   10.475|
numB<18>       |result<25>     |   10.782|
numB<18>       |result<26>     |   10.361|
numB<18>       |result<27>     |   10.530|
numB<18>       |result<28>     |   10.939|
numB<18>       |result<29>     |   10.715|
numB<18>       |result<30>     |   10.057|
numB<18>       |result<31>     |   10.279|
numB<19>       |result<19>     |    8.772|
numB<19>       |result<20>     |    9.782|
numB<19>       |result<21>     |   10.307|
numB<19>       |result<22>     |    9.318|
numB<19>       |result<23>     |    9.763|
numB<19>       |result<24>     |    9.712|
numB<19>       |result<25>     |   10.019|
numB<19>       |result<26>     |    9.598|
numB<19>       |result<27>     |    9.767|
numB<19>       |result<28>     |   10.176|
numB<19>       |result<29>     |    9.952|
numB<19>       |result<30>     |    9.294|
numB<19>       |result<31>     |    9.516|
numB<20>       |result<20>     |    9.217|
numB<20>       |result<21>     |   10.216|
numB<20>       |result<22>     |    9.303|
numB<20>       |result<23>     |    9.748|
numB<20>       |result<24>     |    9.697|
numB<20>       |result<25>     |   10.004|
numB<20>       |result<26>     |    9.583|
numB<20>       |result<27>     |    9.752|
numB<20>       |result<28>     |   10.161|
numB<20>       |result<29>     |    9.937|
numB<20>       |result<30>     |    9.279|
numB<20>       |result<31>     |    9.501|
numB<21>       |result<21>     |    9.745|
numB<21>       |result<22>     |    9.300|
numB<21>       |result<23>     |    9.745|
numB<21>       |result<24>     |    9.694|
numB<21>       |result<25>     |   10.001|
numB<21>       |result<26>     |    9.580|
numB<21>       |result<27>     |    9.749|
numB<21>       |result<28>     |   10.158|
numB<21>       |result<29>     |    9.934|
numB<21>       |result<30>     |    9.276|
numB<21>       |result<31>     |    9.498|
numB<22>       |result<22>     |    8.824|
numB<22>       |result<23>     |    9.743|
numB<22>       |result<24>     |    9.768|
numB<22>       |result<25>     |   10.075|
numB<22>       |result<26>     |    9.654|
numB<22>       |result<27>     |    9.823|
numB<22>       |result<28>     |   10.232|
numB<22>       |result<29>     |   10.008|
numB<22>       |result<30>     |    9.350|
numB<22>       |result<31>     |    9.572|
numB<23>       |result<23>     |    9.616|
numB<23>       |result<24>     |   10.109|
numB<23>       |result<25>     |   10.416|
numB<23>       |result<26>     |    9.995|
numB<23>       |result<27>     |   10.164|
numB<23>       |result<28>     |   10.573|
numB<23>       |result<29>     |   10.349|
numB<23>       |result<30>     |    9.691|
numB<23>       |result<31>     |    9.913|
numB<24>       |result<24>     |    9.360|
numB<24>       |result<25>     |   10.141|
numB<24>       |result<26>     |    9.796|
numB<24>       |result<27>     |    9.965|
numB<24>       |result<28>     |   10.374|
numB<24>       |result<29>     |   10.150|
numB<24>       |result<30>     |    9.492|
numB<24>       |result<31>     |    9.714|
numB<25>       |result<25>     |    9.639|
numB<25>       |result<26>     |    9.762|
numB<25>       |result<27>     |    9.931|
numB<25>       |result<28>     |   10.340|
numB<25>       |result<29>     |   10.116|
numB<25>       |result<30>     |    9.458|
numB<25>       |result<31>     |    9.680|
numB<26>       |result<26>     |    8.857|
numB<26>       |result<27>     |    9.500|
numB<26>       |result<28>     |    9.985|
numB<26>       |result<29>     |    9.761|
numB<26>       |result<30>     |    9.103|
numB<26>       |result<31>     |    9.325|
numB<27>       |result<27>     |    9.156|
numB<27>       |result<28>     |   10.109|
numB<27>       |result<29>     |    9.885|
numB<27>       |result<30>     |    9.227|
numB<27>       |result<31>     |    9.449|
numB<28>       |result<28>     |    9.305|
numB<28>       |result<29>     |    9.555|
numB<28>       |result<30>     |    8.973|
numB<28>       |result<31>     |    9.195|
numB<29>       |result<29>     |    9.102|
numB<29>       |result<30>     |    8.988|
numB<29>       |result<31>     |    9.210|
numB<30>       |result<30>     |    8.346|
numB<30>       |result<31>     |    9.042|
numB<31>       |result<31>     |    8.594|
---------------+---------------+---------+


Analysis completed Fri Nov 23 15:00:01 2018 
--------------------------------------------------------------------------------

Trace Settings:
-------------------------
Trace Settings 

Peak Memory Usage: 366 MB



