--------------------------------------------------------------------------------
Release 14.7 Trace  (lin64)
Copyright (c) 1995-2013 Xilinx, Inc.  All rights reserved.

/opt/Xilinx/14.7/ISE_DS/ISE/bin/lin64/unwrapped/trce -intstyle ise -v 3 -s 4 -n
3 -fastpaths -xml Soma4Alg.twx Soma4Alg.ncd -o Soma4Alg.twr Soma4Alg.pcf

Design file:              Soma4Alg.ncd
Physical constraint file: Soma4Alg.pcf
Device,package,speed:     xc3s700an,fgg484,-4 (PRODUCTION 1.42 2013-10-13)
Report level:             verbose report

Environment Variable      Effect 
--------------------      ------ 
NONE                      No environment variables were set
--------------------------------------------------------------------------------

INFO:Timing:2698 - No timing constraints found, doing default enumeration.
INFO:Timing:3412 - To improve timing, see the Timing Closure User Guide (UG612).
INFO:Timing:2752 - To get complete path coverage, use the unconstrained paths 
   option. All paths that are not constrained will be reported in the 
   unconstrained paths section(s) of the report.
INFO:Timing:3339 - The clock-to-out numbers in this timing report are based on 
   a 50 Ohm transmission line loading model.  For the details of this model, 
   and for more information on accounting for different loading conditions, 
   please see the device datasheet.
INFO:Timing:3390 - This architecture does not support a default System Jitter 
   value, please add SYSTEM_JITTER constraint to the UCF to modify the Clock 
   Uncertainty calculation.
INFO:Timing:3389 - This architecture does not support 'Discrete Jitter' and 
   'Phase Error' calculations, these terms will be zero in the Clock 
   Uncertainty calculation.  Please make appropriate modification to 
   SYSTEM_JITTER to account for the unsupported Discrete Jitter and Phase 
   Error.



Data Sheet report:
-----------------
All values displayed in nanoseconds (ns)

Clock carryIn to Pad
-------------+------------+------------------------+--------+
             | clk (edge) |                        | Clock  |
Destination  |   to PAD   |Internal Clock(s)       | Phase  |
-------------+------------+------------------------+--------+
carryOutSaida|    9.275(F)|carryOutSaida_cmp_ge0000|   0.000|
-------------+------------+------------------------+--------+

Clock numA<0> to Pad
-------------+------------+------------------------+--------+
             | clk (edge) |                        | Clock  |
Destination  |   to PAD   |Internal Clock(s)       | Phase  |
-------------+------------+------------------------+--------+
carryOutSaida|    9.369(F)|carryOutSaida_cmp_ge0000|   0.000|
-------------+------------+------------------------+--------+

Clock numA<1> to Pad
-------------+------------+------------------------+--------+
             | clk (edge) |                        | Clock  |
Destination  |   to PAD   |Internal Clock(s)       | Phase  |
-------------+------------+------------------------+--------+
carryOutSaida|    9.711(F)|carryOutSaida_cmp_ge0000|   0.000|
-------------+------------+------------------------+--------+

Clock numA<2> to Pad
-------------+------------+------------------------+--------+
             | clk (edge) |                        | Clock  |
Destination  |   to PAD   |Internal Clock(s)       | Phase  |
-------------+------------+------------------------+--------+
carryOutSaida|    9.001(F)|carryOutSaida_cmp_ge0000|   0.000|
-------------+------------+------------------------+--------+

Clock numA<3> to Pad
-------------+------------+------------------------+--------+
             | clk (edge) |                        | Clock  |
Destination  |   to PAD   |Internal Clock(s)       | Phase  |
-------------+------------+------------------------+--------+
carryOutSaida|    8.983(F)|carryOutSaida_cmp_ge0000|   0.000|
-------------+------------+------------------------+--------+

Clock numA<4> to Pad
-------------+------------+------------------------+--------+
             | clk (edge) |                        | Clock  |
Destination  |   to PAD   |Internal Clock(s)       | Phase  |
-------------+------------+------------------------+--------+
carryOutSaida|    8.432(F)|carryOutSaida_cmp_ge0000|   0.000|
-------------+------------+------------------------+--------+

Clock numB<0> to Pad
-------------+------------+------------------------+--------+
             | clk (edge) |                        | Clock  |
Destination  |   to PAD   |Internal Clock(s)       | Phase  |
-------------+------------+------------------------+--------+
carryOutSaida|    9.506(F)|carryOutSaida_cmp_ge0000|   0.000|
-------------+------------+------------------------+--------+

Clock numB<1> to Pad
-------------+------------+------------------------+--------+
             | clk (edge) |                        | Clock  |
Destination  |   to PAD   |Internal Clock(s)       | Phase  |
-------------+------------+------------------------+--------+
carryOutSaida|    9.550(F)|carryOutSaida_cmp_ge0000|   0.000|
-------------+------------+------------------------+--------+

Clock numB<2> to Pad
-------------+------------+------------------------+--------+
             | clk (edge) |                        | Clock  |
Destination  |   to PAD   |Internal Clock(s)       | Phase  |
-------------+------------+------------------------+--------+
carryOutSaida|    8.953(F)|carryOutSaida_cmp_ge0000|   0.000|
-------------+------------+------------------------+--------+

Clock numB<3> to Pad
-------------+------------+------------------------+--------+
             | clk (edge) |                        | Clock  |
Destination  |   to PAD   |Internal Clock(s)       | Phase  |
-------------+------------+------------------------+--------+
carryOutSaida|    9.098(F)|carryOutSaida_cmp_ge0000|   0.000|
-------------+------------+------------------------+--------+

Clock numB<4> to Pad
-------------+------------+------------------------+--------+
             | clk (edge) |                        | Clock  |
Destination  |   to PAD   |Internal Clock(s)       | Phase  |
-------------+------------+------------------------+--------+
carryOutSaida|    8.259(F)|carryOutSaida_cmp_ge0000|   0.000|
-------------+------------+------------------------+--------+

Clock to Setup on destination clock carryIn
---------------+---------+---------+---------+---------+
               | Src:Rise| Src:Fall| Src:Rise| Src:Fall|
Source Clock   |Dest:Rise|Dest:Rise|Dest:Fall|Dest:Fall|
---------------+---------+---------+---------+---------+
carryIn        |         |         |    0.935|    0.935|
numA<0>        |         |         |    1.029|    1.029|
numA<1>        |         |         |    1.371|    1.371|
numA<2>        |         |         |    0.661|    0.661|
numA<3>        |         |         |    0.643|    0.643|
numA<4>        |         |         |    0.092|    0.092|
numB<0>        |         |         |    1.166|    1.166|
numB<1>        |         |         |    1.210|    1.210|
numB<2>        |         |         |    0.613|    0.613|
numB<3>        |         |         |    0.758|    0.758|
numB<4>        |         |         |   -0.081|   -0.081|
---------------+---------+---------+---------+---------+

Clock to Setup on destination clock numA<0>
---------------+---------+---------+---------+---------+
               | Src:Rise| Src:Fall| Src:Rise| Src:Fall|
Source Clock   |Dest:Rise|Dest:Rise|Dest:Fall|Dest:Fall|
---------------+---------+---------+---------+---------+
carryIn        |         |         |    1.238|    1.238|
numA<0>        |         |         |    1.332|    1.332|
numA<1>        |         |         |    1.674|    1.674|
numA<2>        |         |         |    0.964|    0.964|
numA<3>        |         |         |    0.946|    0.946|
numA<4>        |         |         |    0.395|    0.395|
numB<0>        |         |         |    1.469|    1.469|
numB<1>        |         |         |    1.513|    1.513|
numB<2>        |         |         |    0.916|    0.916|
numB<3>        |         |         |    1.061|    1.061|
numB<4>        |         |         |    0.222|    0.222|
---------------+---------+---------+---------+---------+

Clock to Setup on destination clock numA<1>
---------------+---------+---------+---------+---------+
               | Src:Rise| Src:Fall| Src:Rise| Src:Fall|
Source Clock   |Dest:Rise|Dest:Rise|Dest:Fall|Dest:Fall|
---------------+---------+---------+---------+---------+
carryIn        |         |         |    1.029|    1.029|
numA<0>        |         |         |    1.123|    1.123|
numA<1>        |         |         |    1.465|    1.465|
numA<2>        |         |         |    0.755|    0.755|
numA<3>        |         |         |    0.737|    0.737|
numA<4>        |         |         |    0.186|    0.186|
numB<0>        |         |         |    1.260|    1.260|
numB<1>        |         |         |    1.304|    1.304|
numB<2>        |         |         |    0.707|    0.707|
numB<3>        |         |         |    0.852|    0.852|
numB<4>        |         |         |    0.013|    0.013|
---------------+---------+---------+---------+---------+

Clock to Setup on destination clock numA<2>
---------------+---------+---------+---------+---------+
               | Src:Rise| Src:Fall| Src:Rise| Src:Fall|
Source Clock   |Dest:Rise|Dest:Rise|Dest:Fall|Dest:Fall|
---------------+---------+---------+---------+---------+
carryIn        |         |         |    1.595|    1.595|
numA<0>        |         |         |    1.689|    1.689|
numA<1>        |         |         |    2.031|    2.031|
numA<2>        |         |         |    1.321|    1.321|
numA<3>        |         |         |    1.303|    1.303|
numA<4>        |         |         |    0.752|    0.752|
numB<0>        |         |         |    1.826|    1.826|
numB<1>        |         |         |    1.870|    1.870|
numB<2>        |         |         |    1.273|    1.273|
numB<3>        |         |         |    1.418|    1.418|
numB<4>        |         |         |    0.579|    0.579|
---------------+---------+---------+---------+---------+

Clock to Setup on destination clock numA<3>
---------------+---------+---------+---------+---------+
               | Src:Rise| Src:Fall| Src:Rise| Src:Fall|
Source Clock   |Dest:Rise|Dest:Rise|Dest:Fall|Dest:Fall|
---------------+---------+---------+---------+---------+
carryIn        |         |         |    1.409|    1.409|
numA<0>        |         |         |    1.503|    1.503|
numA<1>        |         |         |    1.845|    1.845|
numA<2>        |         |         |    1.135|    1.135|
numA<3>        |         |         |    1.117|    1.117|
numA<4>        |         |         |    0.566|    0.566|
numB<0>        |         |         |    1.640|    1.640|
numB<1>        |         |         |    1.684|    1.684|
numB<2>        |         |         |    1.087|    1.087|
numB<3>        |         |         |    1.232|    1.232|
numB<4>        |         |         |    0.393|    0.393|
---------------+---------+---------+---------+---------+

Clock to Setup on destination clock numA<4>
---------------+---------+---------+---------+---------+
               | Src:Rise| Src:Fall| Src:Rise| Src:Fall|
Source Clock   |Dest:Rise|Dest:Rise|Dest:Fall|Dest:Fall|
---------------+---------+---------+---------+---------+
carryIn        |         |         |    1.145|    1.145|
numA<0>        |         |         |    1.239|    1.239|
numA<1>        |         |         |    1.581|    1.581|
numA<2>        |         |         |    0.871|    0.871|
numA<3>        |         |         |    0.853|    0.853|
numA<4>        |         |         |    0.302|    0.302|
numB<0>        |         |         |    1.376|    1.376|
numB<1>        |         |         |    1.420|    1.420|
numB<2>        |         |         |    0.823|    0.823|
numB<3>        |         |         |    0.968|    0.968|
numB<4>        |         |         |    0.129|    0.129|
---------------+---------+---------+---------+---------+

Clock to Setup on destination clock numB<0>
---------------+---------+---------+---------+---------+
               | Src:Rise| Src:Fall| Src:Rise| Src:Fall|
Source Clock   |Dest:Rise|Dest:Rise|Dest:Fall|Dest:Fall|
---------------+---------+---------+---------+---------+
carryIn        |         |         |    0.819|    0.819|
numA<0>        |         |         |    0.913|    0.913|
numA<1>        |         |         |    1.255|    1.255|
numA<2>        |         |         |    0.545|    0.545|
numA<3>        |         |         |    0.527|    0.527|
numA<4>        |         |         |   -0.024|   -0.024|
numB<0>        |         |         |    1.050|    1.050|
numB<1>        |         |         |    1.094|    1.094|
numB<2>        |         |         |    0.497|    0.497|
numB<3>        |         |         |    0.642|    0.642|
numB<4>        |         |         |   -0.197|   -0.197|
---------------+---------+---------+---------+---------+

Clock to Setup on destination clock numB<1>
---------------+---------+---------+---------+---------+
               | Src:Rise| Src:Fall| Src:Rise| Src:Fall|
Source Clock   |Dest:Rise|Dest:Rise|Dest:Fall|Dest:Fall|
---------------+---------+---------+---------+---------+
carryIn        |         |         |    1.158|    1.158|
numA<0>        |         |         |    1.252|    1.252|
numA<1>        |         |         |    1.594|    1.594|
numA<2>        |         |         |    0.884|    0.884|
numA<3>        |         |         |    0.866|    0.866|
numA<4>        |         |         |    0.315|    0.315|
numB<0>        |         |         |    1.389|    1.389|
numB<1>        |         |         |    1.433|    1.433|
numB<2>        |         |         |    0.836|    0.836|
numB<3>        |         |         |    0.981|    0.981|
numB<4>        |         |         |    0.142|    0.142|
---------------+---------+---------+---------+---------+

Clock to Setup on destination clock numB<2>
---------------+---------+---------+---------+---------+
               | Src:Rise| Src:Fall| Src:Rise| Src:Fall|
Source Clock   |Dest:Rise|Dest:Rise|Dest:Fall|Dest:Fall|
---------------+---------+---------+---------+---------+
carryIn        |         |         |    1.633|    1.633|
numA<0>        |         |         |    1.727|    1.727|
numA<1>        |         |         |    2.069|    2.069|
numA<2>        |         |         |    1.359|    1.359|
numA<3>        |         |         |    1.341|    1.341|
numA<4>        |         |         |    0.790|    0.790|
numB<0>        |         |         |    1.864|    1.864|
numB<1>        |         |         |    1.908|    1.908|
numB<2>        |         |         |    1.311|    1.311|
numB<3>        |         |         |    1.456|    1.456|
numB<4>        |         |         |    0.617|    0.617|
---------------+---------+---------+---------+---------+

Clock to Setup on destination clock numB<3>
---------------+---------+---------+---------+---------+
               | Src:Rise| Src:Fall| Src:Rise| Src:Fall|
Source Clock   |Dest:Rise|Dest:Rise|Dest:Fall|Dest:Fall|
---------------+---------+---------+---------+---------+
carryIn        |         |         |    1.317|    1.317|
numA<0>        |         |         |    1.411|    1.411|
numA<1>        |         |         |    1.753|    1.753|
numA<2>        |         |         |    1.043|    1.043|
numA<3>        |         |         |    1.025|    1.025|
numA<4>        |         |         |    0.474|    0.474|
numB<0>        |         |         |    1.548|    1.548|
numB<1>        |         |         |    1.592|    1.592|
numB<2>        |         |         |    0.995|    0.995|
numB<3>        |         |         |    1.140|    1.140|
numB<4>        |         |         |    0.301|    0.301|
---------------+---------+---------+---------+---------+

Clock to Setup on destination clock numB<4>
---------------+---------+---------+---------+---------+
               | Src:Rise| Src:Fall| Src:Rise| Src:Fall|
Source Clock   |Dest:Rise|Dest:Rise|Dest:Fall|Dest:Fall|
---------------+---------+---------+---------+---------+
carryIn        |         |         |    1.284|    1.284|
numA<0>        |         |         |    1.378|    1.378|
numA<1>        |         |         |    1.720|    1.720|
numA<2>        |         |         |    1.010|    1.010|
numA<3>        |         |         |    0.992|    0.992|
numA<4>        |         |         |    0.441|    0.441|
numB<0>        |         |         |    1.515|    1.515|
numB<1>        |         |         |    1.559|    1.559|
numB<2>        |         |         |    0.962|    0.962|
numB<3>        |         |         |    1.107|    1.107|
numB<4>        |         |         |    0.268|    0.268|
---------------+---------+---------+---------+---------+

Pad to Pad
---------------+---------------+---------+
Source Pad     |Destination Pad|  Delay  |
---------------+---------------+---------+
carryIn        |result<0>      |    7.592|
carryIn        |result<1>      |    9.895|
carryIn        |result<2>      |    9.400|
carryIn        |result<3>      |   10.353|
carryIn        |result<4>      |   10.105|
numA<0>        |result<0>      |    7.086|
numA<0>        |result<1>      |    9.989|
numA<0>        |result<2>      |    9.494|
numA<0>        |result<3>      |   10.447|
numA<0>        |result<4>      |   10.199|
numA<1>        |result<1>      |   10.331|
numA<1>        |result<2>      |    9.836|
numA<1>        |result<3>      |   10.789|
numA<1>        |result<4>      |   10.541|
numA<2>        |result<1>      |    9.621|
numA<2>        |result<2>      |    9.126|
numA<2>        |result<3>      |   10.079|
numA<2>        |result<4>      |    9.831|
numA<3>        |result<1>      |    9.603|
numA<3>        |result<2>      |    9.108|
numA<3>        |result<3>      |   10.061|
numA<3>        |result<4>      |    9.813|
numA<4>        |result<1>      |    9.052|
numA<4>        |result<2>      |    8.557|
numA<4>        |result<3>      |    9.510|
numA<4>        |result<4>      |    9.262|
numB<0>        |result<0>      |    7.223|
numB<0>        |result<1>      |   10.126|
numB<0>        |result<2>      |    9.631|
numB<0>        |result<3>      |   10.584|
numB<0>        |result<4>      |   10.336|
numB<1>        |result<1>      |   10.170|
numB<1>        |result<2>      |    9.675|
numB<1>        |result<3>      |   10.628|
numB<1>        |result<4>      |   10.380|
numB<2>        |result<1>      |    9.573|
numB<2>        |result<2>      |    9.078|
numB<2>        |result<3>      |   10.031|
numB<2>        |result<4>      |    9.783|
numB<3>        |result<1>      |    9.718|
numB<3>        |result<2>      |    9.223|
numB<3>        |result<3>      |   10.176|
numB<3>        |result<4>      |    9.928|
numB<4>        |result<1>      |    8.879|
numB<4>        |result<2>      |    8.384|
numB<4>        |result<3>      |    9.337|
numB<4>        |result<4>      |    9.089|
---------------+---------------+---------+


Analysis completed Tue Nov 27 16:32:20 2018 
--------------------------------------------------------------------------------

Trace Settings:
-------------------------
Trace Settings 

Peak Memory Usage: 366 MB



