--------------------------------------------------------------------------------
Release 14.7 Trace  (lin64)
Copyright (c) 1995-2013 Xilinx, Inc.  All rights reserved.

/opt/Xilinx/14.7/ISE_DS/ISE/bin/lin64/unwrapped/trce -intstyle ise -v 3 -s 4 -n
3 -fastpaths -xml SomaCompleta.twx SomaCompleta.ncd -o SomaCompleta.twr
SomaCompleta.pcf

Design file:              SomaCompleta.ncd
Physical constraint file: SomaCompleta.pcf
Device,package,speed:     xc3s700an,fgg484,-4 (PRODUCTION 1.42 2013-10-13)
Report level:             verbose report

Environment Variable      Effect 
--------------------      ------ 
NONE                      No environment variables were set
--------------------------------------------------------------------------------

INFO:Timing:2698 - No timing constraints found, doing default enumeration.
INFO:Timing:3412 - To improve timing, see the Timing Closure User Guide (UG612).
INFO:Timing:2752 - To get complete path coverage, use the unconstrained paths 
   option. All paths that are not constrained will be reported in the 
   unconstrained paths section(s) of the report.
INFO:Timing:3339 - The clock-to-out numbers in this timing report are based on 
   a 50 Ohm transmission line loading model.  For the details of this model, 
   and for more information on accounting for different loading conditions, 
   please see the device datasheet.
INFO:Timing:3390 - This architecture does not support a default System Jitter 
   value, please add SYSTEM_JITTER constraint to the UCF to modify the Clock 
   Uncertainty calculation.
INFO:Timing:3389 - This architecture does not support 'Discrete Jitter' and 
   'Phase Error' calculations, these terms will be zero in the Clock 
   Uncertainty calculation.  Please make appropriate modification to 
   SYSTEM_JITTER to account for the unsupported Discrete Jitter and Phase 
   Error.



Data Sheet report:
-----------------
All values displayed in nanoseconds (ns)

Pad to Pad
---------------+---------------+---------+
Source Pad     |Destination Pad|  Delay  |
---------------+---------------+---------+
numA<0>        |result<0>      |    7.528|
numA<0>        |result<1>      |    9.285|
numA<0>        |result<2>      |    9.163|
numA<0>        |result<3>      |    9.355|
numA<0>        |result<4>      |   12.154|
numA<0>        |result<5>      |   14.351|
numA<0>        |result<6>      |   14.057|
numA<0>        |result<7>      |   14.105|
numA<0>        |result<8>      |   16.820|
numA<0>        |result<9>      |   18.747|
numA<0>        |result<10>     |   18.962|
numA<0>        |result<11>     |   19.287|
numA<0>        |result<12>     |   20.537|
numA<0>        |result<13>     |   22.742|
numA<0>        |result<14>     |   22.473|
numA<0>        |result<15>     |   22.577|
numA<0>        |result<16>     |   22.198|
numA<1>        |result<1>      |    9.293|
numA<1>        |result<2>      |    9.439|
numA<1>        |result<3>      |    9.631|
numA<1>        |result<4>      |   12.193|
numA<1>        |result<5>      |   14.390|
numA<1>        |result<6>      |   14.096|
numA<1>        |result<7>      |   14.144|
numA<1>        |result<8>      |   16.859|
numA<1>        |result<9>      |   18.786|
numA<1>        |result<10>     |   19.001|
numA<1>        |result<11>     |   19.326|
numA<1>        |result<12>     |   20.576|
numA<1>        |result<13>     |   22.781|
numA<1>        |result<14>     |   22.512|
numA<1>        |result<15>     |   22.616|
numA<1>        |result<16>     |   22.237|
numA<2>        |result<1>      |    8.941|
numA<2>        |result<2>      |    9.163|
numA<2>        |result<3>      |    9.355|
numA<2>        |result<4>      |   11.841|
numA<2>        |result<5>      |   14.038|
numA<2>        |result<6>      |   13.744|
numA<2>        |result<7>      |   13.792|
numA<2>        |result<8>      |   16.507|
numA<2>        |result<9>      |   18.434|
numA<2>        |result<10>     |   18.649|
numA<2>        |result<11>     |   18.974|
numA<2>        |result<12>     |   20.224|
numA<2>        |result<13>     |   22.429|
numA<2>        |result<14>     |   22.160|
numA<2>        |result<15>     |   22.264|
numA<2>        |result<16>     |   21.885|
numA<3>        |result<1>      |    8.186|
numA<3>        |result<2>      |    8.876|
numA<3>        |result<3>      |    9.068|
numA<3>        |result<4>      |   11.086|
numA<3>        |result<5>      |   13.283|
numA<3>        |result<6>      |   12.989|
numA<3>        |result<7>      |   13.037|
numA<3>        |result<8>      |   15.752|
numA<3>        |result<9>      |   17.679|
numA<3>        |result<10>     |   17.894|
numA<3>        |result<11>     |   18.219|
numA<3>        |result<12>     |   19.469|
numA<3>        |result<13>     |   21.674|
numA<3>        |result<14>     |   21.405|
numA<3>        |result<15>     |   21.509|
numA<3>        |result<16>     |   21.130|
numA<4>        |result<4>      |    7.315|
numA<4>        |result<5>      |    9.986|
numA<4>        |result<6>      |    9.692|
numA<4>        |result<7>      |    9.740|
numA<4>        |result<8>      |   12.455|
numA<4>        |result<9>      |   14.382|
numA<4>        |result<10>     |   14.597|
numA<4>        |result<11>     |   14.922|
numA<4>        |result<12>     |   16.172|
numA<4>        |result<13>     |   18.377|
numA<4>        |result<14>     |   18.108|
numA<4>        |result<15>     |   18.212|
numA<4>        |result<16>     |   17.833|
numA<5>        |result<5>      |    9.575|
numA<5>        |result<6>      |    9.281|
numA<5>        |result<7>      |    9.329|
numA<5>        |result<8>      |   12.044|
numA<5>        |result<9>      |   13.971|
numA<5>        |result<10>     |   14.186|
numA<5>        |result<11>     |   14.511|
numA<5>        |result<12>     |   15.761|
numA<5>        |result<13>     |   17.966|
numA<5>        |result<14>     |   17.697|
numA<5>        |result<15>     |   17.801|
numA<5>        |result<16>     |   17.422|
numA<6>        |result<5>      |    8.907|
numA<6>        |result<6>      |    8.739|
numA<6>        |result<7>      |    8.786|
numA<6>        |result<8>      |   11.357|
numA<6>        |result<9>      |   13.284|
numA<6>        |result<10>     |   13.499|
numA<6>        |result<11>     |   13.824|
numA<6>        |result<12>     |   15.074|
numA<6>        |result<13>     |   17.279|
numA<6>        |result<14>     |   17.010|
numA<6>        |result<15>     |   17.114|
numA<6>        |result<16>     |   16.735|
numA<7>        |result<5>      |    9.042|
numA<7>        |result<6>      |    8.947|
numA<7>        |result<7>      |    9.031|
numA<7>        |result<8>      |   11.522|
numA<7>        |result<9>      |   13.449|
numA<7>        |result<10>     |   13.664|
numA<7>        |result<11>     |   13.989|
numA<7>        |result<12>     |   15.239|
numA<7>        |result<13>     |   17.444|
numA<7>        |result<14>     |   17.175|
numA<7>        |result<15>     |   17.279|
numA<7>        |result<16>     |   16.900|
numA<8>        |result<8>      |    8.210|
numA<8>        |result<9>      |   10.611|
numA<8>        |result<10>     |   10.826|
numA<8>        |result<11>     |   11.151|
numA<8>        |result<12>     |   12.401|
numA<8>        |result<13>     |   14.606|
numA<8>        |result<14>     |   14.337|
numA<8>        |result<15>     |   14.441|
numA<8>        |result<16>     |   14.062|
numA<9>        |result<9>      |    9.651|
numA<9>        |result<10>     |    9.866|
numA<9>        |result<11>     |   10.200|
numA<9>        |result<12>     |   11.450|
numA<9>        |result<13>     |   13.655|
numA<9>        |result<14>     |   13.386|
numA<9>        |result<15>     |   13.490|
numA<9>        |result<16>     |   13.111|
numA<10>       |result<9>      |    8.925|
numA<10>       |result<10>     |    9.140|
numA<10>       |result<11>     |    9.474|
numA<10>       |result<12>     |   10.724|
numA<10>       |result<13>     |   12.929|
numA<10>       |result<14>     |   12.660|
numA<10>       |result<15>     |   12.764|
numA<10>       |result<16>     |   12.385|
numA<11>       |result<9>      |    8.404|
numA<11>       |result<10>     |    8.619|
numA<11>       |result<11>     |    8.907|
numA<11>       |result<12>     |   10.157|
numA<11>       |result<13>     |   12.362|
numA<11>       |result<14>     |   12.093|
numA<11>       |result<15>     |   12.197|
numA<11>       |result<16>     |   11.818|
numA<12>       |result<12>     |    6.847|
numA<12>       |result<13>     |    9.526|
numA<12>       |result<14>     |    9.257|
numA<12>       |result<15>     |    9.361|
numA<12>       |result<16>     |    8.982|
numA<13>       |result<13>     |    9.308|
numA<13>       |result<14>     |    9.112|
numA<13>       |result<15>     |    9.186|
numA<13>       |result<16>     |    8.727|
numA<14>       |result<13>     |    9.596|
numA<14>       |result<14>     |    9.400|
numA<14>       |result<15>     |    9.474|
numA<14>       |result<16>     |    9.015|
numA<15>       |result<13>     |    8.977|
numA<15>       |result<14>     |    8.907|
numA<15>       |result<15>     |    9.000|
numA<15>       |result<16>     |    8.397|
numB<0>        |result<0>      |    7.669|
numB<0>        |result<1>      |    9.426|
numB<0>        |result<2>      |    9.304|
numB<0>        |result<3>      |    9.496|
numB<0>        |result<4>      |   12.295|
numB<0>        |result<5>      |   14.492|
numB<0>        |result<6>      |   14.198|
numB<0>        |result<7>      |   14.246|
numB<0>        |result<8>      |   16.961|
numB<0>        |result<9>      |   18.888|
numB<0>        |result<10>     |   19.103|
numB<0>        |result<11>     |   19.428|
numB<0>        |result<12>     |   20.678|
numB<0>        |result<13>     |   22.883|
numB<0>        |result<14>     |   22.614|
numB<0>        |result<15>     |   22.718|
numB<0>        |result<16>     |   22.339|
numB<1>        |result<1>      |    8.811|
numB<1>        |result<2>      |    8.957|
numB<1>        |result<3>      |    9.149|
numB<1>        |result<4>      |   11.711|
numB<1>        |result<5>      |   13.908|
numB<1>        |result<6>      |   13.614|
numB<1>        |result<7>      |   13.662|
numB<1>        |result<8>      |   16.377|
numB<1>        |result<9>      |   18.304|
numB<1>        |result<10>     |   18.519|
numB<1>        |result<11>     |   18.844|
numB<1>        |result<12>     |   20.094|
numB<1>        |result<13>     |   22.299|
numB<1>        |result<14>     |   22.030|
numB<1>        |result<15>     |   22.134|
numB<1>        |result<16>     |   21.755|
numB<2>        |result<1>      |    9.107|
numB<2>        |result<2>      |    9.329|
numB<2>        |result<3>      |    9.521|
numB<2>        |result<4>      |   12.007|
numB<2>        |result<5>      |   14.204|
numB<2>        |result<6>      |   13.910|
numB<2>        |result<7>      |   13.958|
numB<2>        |result<8>      |   16.673|
numB<2>        |result<9>      |   18.600|
numB<2>        |result<10>     |   18.815|
numB<2>        |result<11>     |   19.140|
numB<2>        |result<12>     |   20.390|
numB<2>        |result<13>     |   22.595|
numB<2>        |result<14>     |   22.326|
numB<2>        |result<15>     |   22.430|
numB<2>        |result<16>     |   22.051|
numB<3>        |result<1>      |    8.419|
numB<3>        |result<2>      |    9.109|
numB<3>        |result<3>      |    9.301|
numB<3>        |result<4>      |   11.319|
numB<3>        |result<5>      |   13.516|
numB<3>        |result<6>      |   13.222|
numB<3>        |result<7>      |   13.270|
numB<3>        |result<8>      |   15.985|
numB<3>        |result<9>      |   17.912|
numB<3>        |result<10>     |   18.127|
numB<3>        |result<11>     |   18.452|
numB<3>        |result<12>     |   19.702|
numB<3>        |result<13>     |   21.907|
numB<3>        |result<14>     |   21.638|
numB<3>        |result<15>     |   21.742|
numB<3>        |result<16>     |   21.363|
numB<4>        |result<4>      |    7.487|
numB<4>        |result<5>      |   10.158|
numB<4>        |result<6>      |    9.864|
numB<4>        |result<7>      |    9.912|
numB<4>        |result<8>      |   12.627|
numB<4>        |result<9>      |   14.554|
numB<4>        |result<10>     |   14.769|
numB<4>        |result<11>     |   15.094|
numB<4>        |result<12>     |   16.344|
numB<4>        |result<13>     |   18.549|
numB<4>        |result<14>     |   18.280|
numB<4>        |result<15>     |   18.384|
numB<4>        |result<16>     |   18.005|
numB<5>        |result<5>      |    9.704|
numB<5>        |result<6>      |    9.410|
numB<5>        |result<7>      |    9.458|
numB<5>        |result<8>      |   12.173|
numB<5>        |result<9>      |   14.100|
numB<5>        |result<10>     |   14.315|
numB<5>        |result<11>     |   14.640|
numB<5>        |result<12>     |   15.890|
numB<5>        |result<13>     |   18.095|
numB<5>        |result<14>     |   17.826|
numB<5>        |result<15>     |   17.930|
numB<5>        |result<16>     |   17.551|
numB<6>        |result<5>      |    8.788|
numB<6>        |result<6>      |    8.620|
numB<6>        |result<7>      |    8.667|
numB<6>        |result<8>      |   11.238|
numB<6>        |result<9>      |   13.165|
numB<6>        |result<10>     |   13.380|
numB<6>        |result<11>     |   13.705|
numB<6>        |result<12>     |   14.955|
numB<6>        |result<13>     |   17.160|
numB<6>        |result<14>     |   16.891|
numB<6>        |result<15>     |   16.995|
numB<6>        |result<16>     |   16.616|
numB<7>        |result<5>      |    8.813|
numB<7>        |result<6>      |    8.718|
numB<7>        |result<7>      |    8.802|
numB<7>        |result<8>      |   11.293|
numB<7>        |result<9>      |   13.220|
numB<7>        |result<10>     |   13.435|
numB<7>        |result<11>     |   13.760|
numB<7>        |result<12>     |   15.010|
numB<7>        |result<13>     |   17.215|
numB<7>        |result<14>     |   16.946|
numB<7>        |result<15>     |   17.050|
numB<7>        |result<16>     |   16.671|
numB<8>        |result<8>      |    7.803|
numB<8>        |result<9>      |   10.204|
numB<8>        |result<10>     |   10.419|
numB<8>        |result<11>     |   10.744|
numB<8>        |result<12>     |   11.994|
numB<8>        |result<13>     |   14.199|
numB<8>        |result<14>     |   13.930|
numB<8>        |result<15>     |   14.034|
numB<8>        |result<16>     |   13.655|
numB<9>        |result<9>      |   10.054|
numB<9>        |result<10>     |   10.269|
numB<9>        |result<11>     |   10.603|
numB<9>        |result<12>     |   11.853|
numB<9>        |result<13>     |   14.058|
numB<9>        |result<14>     |   13.789|
numB<9>        |result<15>     |   13.893|
numB<9>        |result<16>     |   13.514|
numB<10>       |result<9>      |    9.330|
numB<10>       |result<10>     |    9.545|
numB<10>       |result<11>     |    9.879|
numB<10>       |result<12>     |   11.129|
numB<10>       |result<13>     |   13.334|
numB<10>       |result<14>     |   13.065|
numB<10>       |result<15>     |   13.169|
numB<10>       |result<16>     |   12.790|
numB<11>       |result<9>      |    8.771|
numB<11>       |result<10>     |    8.986|
numB<11>       |result<11>     |    9.274|
numB<11>       |result<12>     |   10.524|
numB<11>       |result<13>     |   12.729|
numB<11>       |result<14>     |   12.460|
numB<11>       |result<15>     |   12.564|
numB<11>       |result<16>     |   12.185|
numB<12>       |result<12>     |    7.395|
numB<12>       |result<13>     |   10.074|
numB<12>       |result<14>     |    9.805|
numB<12>       |result<15>     |    9.909|
numB<12>       |result<16>     |    9.530|
numB<13>       |result<13>     |    9.754|
numB<13>       |result<14>     |    9.558|
numB<13>       |result<15>     |    9.632|
numB<13>       |result<16>     |    9.173|
numB<14>       |result<13>     |    9.664|
numB<14>       |result<14>     |    9.468|
numB<14>       |result<15>     |    9.542|
numB<14>       |result<16>     |    9.083|
numB<15>       |result<13>     |    9.333|
numB<15>       |result<14>     |    9.263|
numB<15>       |result<15>     |    9.356|
numB<15>       |result<16>     |    8.753|
---------------+---------------+---------+


Analysis completed Thu Nov 29 18:44:40 2018 
--------------------------------------------------------------------------------

Trace Settings:
-------------------------
Trace Settings 

Peak Memory Usage: 365 MB



